FCFS:
T1	0	14
T2	14	16
T3	16	22
T4	22	28
T5	28	31
T6	31	32
T7	32	41
T8	41	44
T9	44	48
T10	48	53
T11	53	59
T12	59	65
T13	65	72
T14	72	79
T15	79	84
T16	84	86
T17	86	91
T18	91	96
T19	96	106
T20	106	111
Waiting Time T1: 0
Waiting Time T2: 11
Waiting Time T3: 13
Waiting Time T4: 17
Waiting Time T5: 22
Waiting Time T6: 24
Waiting Time T7: 24
Waiting Time T8: 33
Waiting Time T9: 34
Waiting Time T10: 37
Waiting Time T11: 41
Waiting Time T12: 46
Waiting Time T13: 52
Waiting Time T14: 59
Waiting Time T15: 65
Waiting Time T16: 66
Waiting Time T17: 66
Waiting Time T18: 70
Waiting Time T19: 74
Waiting Time T20: 81
Average Waiting Time: 41.75

RR:
T1	0	4
T2	4	6
T3	6	10
T1	10	14
T4	14	18
T5	18	21
T6	21	22
T7	22	26
T8	26	29
T9	29	33
T3	33	35
T10	35	39
T11	39	43
T12	43	47
T13	47	51
T14	51	55
T15	55	59
T1	59	63
T16	63	65
T4	65	67
T17	67	71
T18	71	75
T19	75	79
T20	79	83
T7	83	87
T10	87	88
T11	88	90
T12	90	92
T13	92	95
T14	95	98
T15	98	99
T1	99	101
T17	101	102
T18	102	103
T19	103	107
T20	107	108
T7	108	109
T19	109	111
Waiting Time T1: 87
Waiting Time T2: 1
Waiting Time T3: 26
Waiting Time T4: 56
Waiting Time T5: 12
Waiting Time T6: 14
Waiting Time T7: 92
Waiting Time T8: 18
Waiting Time T9: 19
Waiting Time T10: 72
Waiting Time T11: 72
Waiting Time T12: 73
Waiting Time T13: 75
Waiting Time T14: 78
Waiting Time T15: 80
Waiting Time T16: 45
Waiting Time T17: 77
Waiting Time T18: 77
Waiting Time T19: 79
Waiting Time T20: 78
Average Waiting Time: 56.55

NSJF:
T1	0	14
T6	14	15
T2	15	17
T5	17	20
T16	20	22
T8	22	25
T9	25	29
T10	29	34
T15	34	39
T17	39	44
T18	44	49
T20	49	54
T3	54	60
T4	60	66
T11	66	72
T12	72	78
T13	78	85
T14	85	92
T7	92	101
T19	101	111
Waiting Time T1: 0
Waiting Time T2: 12
Waiting Time T3: 51
Waiting Time T4: 55
Waiting Time T5: 11
Waiting Time T6: 7
Waiting Time T7: 84
Waiting Time T8: 14
Waiting Time T9: 15
Waiting Time T10: 18
Waiting Time T11: 54
Waiting Time T12: 59
Waiting Time T13: 65
Waiting Time T14: 72
Waiting Time T15: 20
Waiting Time T16: 2
Waiting Time T17: 19
Waiting Time T18: 23
Waiting Time T19: 79
Waiting Time T20: 24
Average Waiting Time: 34.20

PSJF:
T1	0	3
T2	3	5
T3	5	6
T5	6	7
T6	7	8
T5	8	10
T8	10	13
T9	13	17
T3	17	18
T16	18	20
T3	20	24
T10	24	29
T15	29	34
T17	34	39
T18	39	44
T20	44	49
T4	49	55
T11	55	61
T12	61	67
T13	67	74
T14	74	81
T7	81	90
T19	90	100
T1	100	111
Waiting Time T1: 97
Waiting Time T2: 0
Waiting Time T3: 15
Waiting Time T4: 44
Waiting Time T5: 1
Waiting Time T6: 0
Waiting Time T7: 73
Waiting Time T8: 2
Waiting Time T9: 3
Waiting Time T10: 13
Waiting Time T11: 43
Waiting Time T12: 48
Waiting Time T13: 54
Waiting Time T14: 61
Waiting Time T15: 15
Waiting Time T16: 0
Waiting Time T17: 14
Waiting Time T18: 18
Waiting Time T19: 68
Waiting Time T20: 19
Average Waiting Time: 29.40

