FCFS:
T1	8	27
T2	27	42
T3	53	55
T4	69	92
T5	92	101
T6	101	135
T7	135	151
T8	151	167
T9	167	202
T10	202	208
T11	208	238
T12	238	275
T13	275	280
T14	280	293
T15	293	314
T16	314	348
T17	348	361
T18	361	401
T19	401	425
T20	425	438
T21	438	442
T22	442	450
T23	450	487
T24	487	501
T25	501	523
T26	523	543
T27	543	548
T28	548	564
T29	564	603
T30	603	637
T31	637	656
T32	656	658
T33	658	688
T34	688	718
T35	718	740
T36	740	779
T37	779	803
T38	803	808
T39	808	809
T40	809	844
T41	844	874
T42	874	911
T43	911	934
T44	934	938
T45	938	956
T46	956	993
T47	993	1017
T48	1017	1040
T49	1040	1062
T50	1062	1099
Waiting Time T1: 0
Waiting Time T2: 4
Waiting Time T3: 0
Waiting Time T4: 0
Waiting Time T5: 18
Waiting Time T6: 25
Waiting Time T7: 36
Waiting Time T8: 21
Waiting Time T9: 6
Waiting Time T10: 18
Waiting Time T11: 22
Waiting Time T12: 48
Waiting Time T13: 60
Waiting Time T14: 45
Waiting Time T15: 49
Waiting Time T16: 61
Waiting Time T17: 70
Waiting Time T18: 57
Waiting Time T19: 75
Waiting Time T20: 90
Waiting Time T21: 94
Waiting Time T22: 84
Waiting Time T23: 82
Waiting Time T24: 115
Waiting Time T25: 107
Waiting Time T26: 126
Waiting Time T27: 141
Waiting Time T28: 145
Waiting Time T29: 151
Waiting Time T30: 165
Waiting Time T31: 195
Waiting Time T32: 191
Waiting Time T33: 169
Waiting Time T34: 186
Waiting Time T35: 188
Waiting Time T36: 189
Waiting Time T37: 206
Waiting Time T38: 226
Waiting Time T39: 224
Waiting Time T40: 194
Waiting Time T41: 204
Waiting Time T42: 231
Waiting Time T43: 249
Waiting Time T44: 244
Waiting Time T45: 239
Waiting Time T46: 240
Waiting Time T47: 274
Waiting Time T48: 296
Waiting Time T49: 318
Waiting Time T50: 329
Average Waiting Time: 130.14

RR:
T1	8	27
T2	27	42
T3	53	55
T4	69	92
T5	92	96
T6	96	100
T5	100	104
T7	104	108
T6	108	112
T5	112	113
T7	113	117
T6	117	121
T7	121	125
T6	125	129
T7	129	133
T6	133	137
T8	137	141
T6	141	145
T8	145	149
T6	149	153
T8	153	157
T6	157	161
T8	161	165
T9	165	169
T6	169	171
T9	171	202
T10	202	206
T11	206	210
T12	210	214
T10	214	216
T11	216	220
T12	220	224
T13	224	228
T11	228	232
T12	232	236
T13	236	237
T11	237	241
T14	241	245
T12	245	249
T11	249	253
T15	253	257
T14	257	261
T12	261	265
T16	265	269
T11	269	273
T15	273	277
T14	277	281
T12	281	285
T16	285	289
T11	289	293
T15	293	297
T17	297	301
T14	301	302
T12	302	306
T16	306	310
T11	310	312
T15	312	316
T17	316	320
T18	320	324
T12	324	328
T16	328	332
T15	332	336
T17	336	340
T18	340	344
T19	344	348
T12	348	352
T16	352	356
T20	356	360
T15	360	361
T17	361	362
T21	362	366
T18	366	370
T19	370	374
T12	374	375
T16	375	379
T22	379	383
T20	383	387
T23	387	391
T18	391	395
T24	395	399
T19	399	403
T16	403	407
T22	407	411
T20	411	415
T23	415	419
T25	419	423
T18	423	427
T26	427	431
T24	431	435
T27	435	439
T28	439	443
T19	443	447
T16	447	451
T29	451	455
T20	455	456
T23	456	460
T25	460	464
T18	464	468
T26	468	472
T24	472	476
T30	476	480
T27	480	481
T31	481	485
T28	485	489
T19	489	493
T16	493	495
T29	495	499
T23	499	503
T25	503	507
T32	507	509
T18	509	513
T26	513	517
T24	517	519
T30	519	523
T31	523	527
T33	527	531
T28	531	535
T19	535	539
T29	539	543
T34	543	547
T23	547	551
T25	551	555
T18	555	559
T26	559	563
T30	563	567
T31	567	571
T35	571	575
T33	575	579
T28	579	583
T29	583	587
T34	587	591
T36	591	595
T23	595	599
T25	599	603
T18	603	607
T26	607	611
T30	611	615
T31	615	619
T37	619	623
T35	623	627
T38	627	631
T33	631	635
T39	635	636
T29	636	640
T34	640	644
T36	644	648
T23	648	652
T25	652	654
T18	654	658
T40	658	662
T30	662	666
T31	666	669
T37	669	673
T35	673	677
T38	677	678
T33	678	682
T41	682	686
T29	686	690
T42	690	694
T34	694	698
T36	698	702
T23	702	706
T43	706	710
T40	710	714
T30	714	718
T37	718	722
T35	722	726
T33	726	730
T41	730	734
T44	734	738
T29	738	742
T42	742	746
T34	746	750
T45	750	754
T36	754	758
T23	758	762
T43	762	766
T40	766	770
T46	770	774
T30	774	778
T47	778	782
T48	782	786
T49	786	790
T37	790	794
T35	794	798
T33	798	802
T50	802	806
T41	806	810
T29	810	814
T42	814	818
T34	818	822
T45	822	826
T36	826	830
T23	830	831
T43	831	835
T40	835	839
T46	839	843
T30	843	847
T47	847	851
T48	851	855
T49	855	859
T37	859	863
T35	863	865
T33	865	869
T50	869	873
T41	873	877
T29	877	881
T42	881	885
T34	885	889
T45	889	893
T36	893	897
T43	897	901
T40	901	905
T46	905	909
T30	909	911
T47	911	915
T48	915	919
T49	919	923
T37	923	927
T33	927	929
T50	929	933
T41	933	937
T29	937	940
T42	940	944
T34	944	946
T45	946	950
T36	950	954
T43	954	958
T40	958	962
T46	962	966
T47	966	970
T48	970	974
T49	974	978
T50	978	982
T41	982	986
T42	986	990
T45	990	992
T36	992	996
T43	996	999
T40	999	1003
T46	1003	1007
T47	1007	1011
T48	1011	1015
T49	1015	1019
T50	1019	1023
T41	1023	1027
T42	1027	1031
T36	1031	1035
T40	1035	1039
T46	1039	1043
T47	1043	1047
T48	1047	1050
T49	1050	1052
T50	1052	1056
T41	1056	1058
T42	1058	1062
T36	1062	1065
T40	1065	1068
T46	1068	1072
T50	1072	1076
T42	1076	1080
T46	1080	1084
T50	1084	1088
T42	1088	1089
T46	1089	1093
T50	1093	1097
T46	1097	1098
T50	1098	1099
Waiting Time T1: 0
Waiting Time T2: 4
Waiting Time T3: 0
Waiting Time T4: 0
Waiting Time T5: 30
Waiting Time T6: 61
Waiting Time T7: 18
Waiting Time T8: 19
Waiting Time T9: 6
Waiting Time T10: 26
Waiting Time T11: 96
Waiting Time T12: 148
Waiting Time T13: 17
Waiting Time T14: 54
Waiting Time T15: 96
Waiting Time T16: 208
Waiting Time T17: 71
Waiting Time T18: 314
Waiting Time T19: 189
Waiting Time T20: 108
Waiting Time T21: 18
Waiting Time T22: 45
Waiting Time T23: 426
Waiting Time T24: 133
Waiting Time T25: 238
Waiting Time T26: 194
Waiting Time T27: 74
Waiting Time T28: 164
Waiting Time T29: 488
Waiting Time T30: 439
Waiting Time T31: 208
Waiting Time T32: 42
Waiting Time T33: 410
Waiting Time T34: 414
Waiting Time T35: 313
Waiting Time T36: 475
Waiting Time T37: 330
Waiting Time T38: 96
Waiting Time T39: 51
Waiting Time T40: 418
Waiting Time T41: 388
Waiting Time T42: 409
Waiting Time T43: 314
Waiting Time T44: 44
Waiting Time T45: 275
Waiting Time T46: 345
Waiting Time T47: 304
Waiting Time T48: 306
Waiting Time T49: 308
Waiting Time T50: 329
Average Waiting Time: 189.26

NSJF:
T1	8	27
T2	27	42
T3	53	55
T4	69	92
T5	92	101
T7	101	117
T6	117	151
T8	151	167
T9	167	202
T10	202	208
T11	208	238
T13	238	243
T14	243	256
T15	256	277
T16	277	311
T17	311	324
T12	324	361
T21	361	365
T22	365	373
T20	373	386
T24	386	400
T26	400	420
T27	420	425
T28	425	441
T25	441	463
T31	463	482
T32	482	484
T19	484	508
T33	508	538
T35	538	560
T34	560	590
T39	590	591
T38	591	596
T37	596	620
T30	620	654
T41	654	684
T43	684	707
T44	707	711
T45	711	729
T49	729	751
T48	751	774
T47	774	798
T40	798	833
T23	833	870
T42	870	907
T46	907	944
T50	944	981
T29	981	1020
T36	1020	1059
T18	1059	1099
Waiting Time T1: 0
Waiting Time T2: 4
Waiting Time T3: 0
Waiting Time T4: 0
Waiting Time T5: 18
Waiting Time T6: 41
Waiting Time T7: 2
Waiting Time T8: 21
Waiting Time T9: 6
Waiting Time T10: 18
Waiting Time T11: 22
Waiting Time T12: 134
Waiting Time T13: 23
Waiting Time T14: 8
Waiting Time T15: 12
Waiting Time T16: 24
Waiting Time T17: 33
Waiting Time T18: 755
Waiting Time T19: 158
Waiting Time T20: 38
Waiting Time T21: 17
Waiting Time T22: 7
Waiting Time T23: 465
Waiting Time T24: 14
Waiting Time T25: 47
Waiting Time T26: 3
Waiting Time T27: 18
Waiting Time T28: 22
Waiting Time T29: 568
Waiting Time T30: 182
Waiting Time T31: 21
Waiting Time T32: 17
Waiting Time T33: 19
Waiting Time T34: 58
Waiting Time T35: 8
Waiting Time T36: 469
Waiting Time T37: 23
Waiting Time T38: 14
Waiting Time T39: 6
Waiting Time T40: 183
Waiting Time T41: 14
Waiting Time T42: 227
Waiting Time T43: 22
Waiting Time T44: 17
Waiting Time T45: 12
Waiting Time T46: 191
Waiting Time T47: 55
Waiting Time T48: 30
Waiting Time T49: 7
Waiting Time T50: 211
Average Waiting Time: 85.28

PSJF:
T1	8	27
T2	27	42
T3	53	55
T4	69	74
T5	74	83
T4	83	101
T7	101	117
T6	117	130
T8	130	146
T6	146	167
T9	167	184
T10	184	190
T9	190	208
T11	208	215
T13	215	220
T11	220	243
T14	243	256
T15	256	277
T16	277	278
T17	278	291
T16	291	324
T12	324	326
T19	326	335
T20	335	348
T21	348	352
T19	352	358
T22	358	366
T19	366	375
T24	375	389
T12	389	394
T25	394	402
T27	402	407
T25	407	421
T28	421	437
T26	437	457
T31	457	465
T32	465	467
T31	467	478
T12	478	508
T33	508	538
T35	538	560
T34	560	577
T38	577	582
T34	582	584
T39	584	585
T34	585	596
T37	596	620
T30	620	654
T41	654	684
T43	684	690
T44	690	694
T43	694	711
T45	711	729
T49	729	751
T48	751	774
T47	774	798
T40	798	833
T23	833	870
T42	870	907
T46	907	944
T50	944	981
T29	981	1020
T36	1020	1059
T18	1059	1099
Waiting Time T1: 0
Waiting Time T2: 4
Waiting Time T3: 0
Waiting Time T4: 9
Waiting Time T5: 0
Waiting Time T6: 57
Waiting Time T7: 2
Waiting Time T8: 0
Waiting Time T9: 12
Waiting Time T10: 0
Waiting Time T11: 27
Waiting Time T12: 281
Waiting Time T13: 0
Waiting Time T14: 8
Waiting Time T15: 12
Waiting Time T16: 37
Waiting Time T17: 0
Waiting Time T18: 755
Waiting Time T19: 25
Waiting Time T20: 0
Waiting Time T21: 4
Waiting Time T22: 0
Waiting Time T23: 465
Waiting Time T24: 3
Waiting Time T25: 5
Waiting Time T26: 40
Waiting Time T27: 0
Waiting Time T28: 18
Waiting Time T29: 568
Waiting Time T30: 182
Waiting Time T31: 17
Waiting Time T32: 0
Waiting Time T33: 19
Waiting Time T34: 64
Waiting Time T35: 8
Waiting Time T36: 469
Waiting Time T37: 23
Waiting Time T38: 0
Waiting Time T39: 0
Waiting Time T40: 183
Waiting Time T41: 14
Waiting Time T42: 227
Waiting Time T43: 26
Waiting Time T44: 0
Waiting Time T45: 12
Waiting Time T46: 191
Waiting Time T47: 55
Waiting Time T48: 30
Waiting Time T49: 7
Waiting Time T50: 211
Average Waiting Time: 81.40
