FCFS:
T1	2	16
T2	16	25
T3	25	28
T4	28	40
T5	40	53
T6	53	54
T7	54	57
T8	57	71
T9	71	81
T10	81	95
Waiting Time T1: 0
Waiting Time T2: 11
Waiting Time T3: 10
Waiting Time T4: 9
Waiting Time T5: 13
Waiting Time T6: 22
Waiting Time T7: 19
Waiting Time T8: 15
Waiting Time T9: 20
Waiting Time T10: 19
Average Waiting Time: 13.80

RR:
T1	2	6
T2	6	10
T1	10	14
T2	14	18
T1	18	22
T3	22	25
T2	25	26
T4	26	30
T1	30	32
T5	32	36
T4	36	40
T6	40	41
T7	41	44
T5	44	48
T4	48	52
T8	52	56
T5	56	60
T9	60	64
T8	64	68
T5	68	69
T10	69	73
T9	73	77
T8	77	81
T10	81	85
T9	85	87
T8	87	89
T10	89	95
Waiting Time T1: 16
Waiting Time T2: 12
Waiting Time T3: 7
Waiting Time T4: 21
Waiting Time T5: 29
Waiting Time T6: 9
Waiting Time T7: 6
Waiting Time T8: 33
Waiting Time T9: 26
Waiting Time T10: 19
Average Waiting Time: 17.80

NSJF:
T1	2	16
T3	16	19
T2	19	28
T4	28	40
T6	40	41
T7	41	44
T5	44	57
T9	57	67
T8	67	81
T10	81	95
Waiting Time T1: 0
Waiting Time T2: 14
Waiting Time T3: 1
Waiting Time T4: 9
Waiting Time T5: 17
Waiting Time T6: 9
Waiting Time T7: 6
Waiting Time T8: 25
Waiting Time T9: 6
Waiting Time T10: 19
Average Waiting Time: 10.60

PSJF:
T1	2	5
T2	5	14
T1	14	15
T3	15	18
T1	18	28
T4	28	31
T6	31	32
T4	32	35
T7	35	38
T4	38	44
T5	44	57
T9	57	67
T8	67	81
T10	81	95
Waiting Time T1: 12
Waiting Time T2: 0
Waiting Time T3: 0
Waiting Time T4: 13
Waiting Time T5: 17
Waiting Time T6: 0
Waiting Time T7: 0
Waiting Time T8: 25
Waiting Time T9: 6
Waiting Time T10: 19
Average Waiting Time: 9.20
