FCFS:
T1	12	16
T2	25	31
T3	38	68
T4	68	96
T5	96	97
T6	97	103
T7	103	105
T8	120	123
T9	141	149
T10	149	170
T11	170	201
T12	201	209
T13	209	229
T14	229	250
T15	250	252
T16	252	265
T17	265	290
T18	290	296
T19	296	313
T20	313	330
T21	330	348
T22	348	350
T23	350	380
T24	380	410
T25	410	442
T26	442	466
T27	466	492
T28	492	504
T29	504	536
T30	536	548
T31	548	579
T32	579	580
T33	580	611
T34	611	623
T35	623	646
T36	646	669
T37	669	701
T38	701	733
T39	733	756
T40	756	782
T41	782	787
T42	787	809
T43	809	841
T44	841	850
T45	850	879
T46	879	897
T47	897	928
T48	928	937
T49	937	946
T50	946	967
Waiting Time T1: 0
Waiting Time T2: 0
Waiting Time T3: 0
Waiting Time T4: 17
Waiting Time T5: 18
Waiting Time T6: 16
Waiting Time T7: 2
Waiting Time T8: 0
Waiting Time T9: 0
Waiting Time T10: 3
Waiting Time T11: 7
Waiting Time T12: 28
Waiting Time T13: 19
Waiting Time T14: 19
Waiting Time T15: 37
Waiting Time T16: 15
Waiting Time T17: 8
Waiting Time T18: 25
Waiting Time T19: 16
Waiting Time T20: 18
Waiting Time T21: 17
Waiting Time T22: 26
Waiting Time T23: 25
Waiting Time T24: 40
Waiting Time T25: 63
Waiting Time T26: 80
Waiting Time T27: 80
Waiting Time T28: 95
Waiting Time T29: 100
Waiting Time T30: 105
Waiting Time T31: 106
Waiting Time T32: 133
Waiting Time T33: 123
Waiting Time T34: 127
Waiting Time T35: 115
Waiting Time T36: 131
Waiting Time T37: 144
Waiting Time T38: 150
Waiting Time T39: 179
Waiting Time T40: 182
Waiting Time T41: 205
Waiting Time T42: 208
Waiting Time T43: 222
Waiting Time T44: 234
Waiting Time T45: 241
Waiting Time T46: 249
Waiting Time T47: 266
Waiting Time T48: 284
Waiting Time T49: 282
Waiting Time T50: 278
Average Waiting Time: 94.76

RR:
T1	12	16
T2	25	31
T3	38	68
T4	68	96
T5	96	97
T6	97	101
T7	101	103
T6	103	105
T8	120	123
T9	141	149
T10	149	170
T11	170	174
T12	174	178
T11	178	182
T12	182	186
T11	186	190
T13	190	194
T11	194	198
T13	198	202
T11	202	206
T13	206	210
T11	210	214
T14	214	218
T13	218	222
T15	222	224
T11	224	228
T14	228	232
T13	232	236
T11	236	239
T14	239	243
T16	243	247
T14	247	251
T16	251	255
T14	255	259
T16	259	263
T17	263	267
T14	267	268
T16	268	269
T18	269	273
T17	273	277
T18	277	279
T17	279	283
T19	283	287
T17	287	291
T19	291	295
T17	295	299
T20	299	303
T19	303	307
T17	307	311
T20	311	315
T19	315	319
T17	319	320
T21	320	324
T20	324	328
T19	328	329
T22	329	331
T21	331	335
T23	335	339
T20	339	343
T21	343	347
T23	347	351
T24	351	355
T20	355	356
T25	356	360
T21	360	364
T23	364	368
T24	368	372
T25	372	376
T26	376	380
T21	380	382
T23	382	386
T24	386	390
T25	390	394
T26	394	398
T27	398	402
T23	402	406
T24	406	410
T25	410	414
T28	414	418
T26	418	422
T27	422	426
T29	426	430
T23	430	434
T24	434	438
T25	438	442
T28	442	446
T26	446	450
T27	450	454
T29	454	458
T30	458	462
T23	462	466
T24	466	470
T31	470	474
T25	474	478
T32	478	479
T28	479	483
T26	483	487
T27	487	491
T33	491	495
T29	495	499
T30	499	503
T23	503	505
T24	505	509
T31	509	513
T25	513	517
T34	517	521
T26	521	525
T27	525	529
T33	529	533
T29	533	537
T30	537	541
T35	541	545
T24	545	547
T31	547	551
T36	551	555
T25	555	559
T34	559	563
T37	563	567
T27	567	571
T33	571	575
T29	575	579
T35	579	583
T38	583	587
T31	587	591
T39	591	595
T36	595	599
T34	599	603
T37	603	607
T27	607	609
T40	609	613
T33	613	617
T41	617	621
T42	621	625
T29	625	629
T35	629	633
T43	633	637
T38	637	641
T31	641	645
T39	645	649
T36	649	653
T44	653	657
T37	657	661
T45	661	665
T40	665	669
T33	669	673
T41	673	674
T42	674	678
T29	678	682
T46	682	686
T47	686	690
T35	690	694
T43	694	698
T38	698	702
T48	702	706
T31	706	710
T39	710	714
T36	714	718
T49	718	722
T44	722	726
T37	726	730
T45	730	734
T50	734	738
T40	738	742
T33	742	746
T42	746	750
T29	750	754
T46	754	758
T47	758	762
T35	762	766
T43	766	770
T38	770	774
T48	774	778
T31	778	782
T39	782	786
T36	786	790
T49	790	794
T44	794	795
T37	795	799
T45	799	803
T50	803	807
T40	807	811
T33	811	815
T42	815	819
T46	819	823
T47	823	827
T35	827	830
T43	830	834
T38	834	838
T48	838	839
T31	839	842
T39	842	846
T36	846	849
T49	849	850
T37	850	854
T45	854	858
T50	858	862
T40	862	866
T33	866	869
T42	869	873
T46	873	877
T47	877	881
T43	881	885
T38	885	889
T39	889	892
T37	892	896
T45	896	900
T50	900	904
T40	904	908
T42	908	910
T46	910	912
T47	912	916
T43	916	920
T38	920	924
T37	924	928
T45	928	932
T50	932	936
T40	936	938
T47	938	942
T43	942	946
T38	946	950
T45	950	954
T50	954	955
T47	955	959
T43	959	963
T45	963	964
T47	964	967
Waiting Time T1: 0
Waiting Time T2: 0
Waiting Time T3: 0
Waiting Time T4: 17
Waiting Time T5: 18
Waiting Time T6: 18
Waiting Time T7: 0
Waiting Time T8: 0
Waiting Time T9: 0
Waiting Time T10: 3
Waiting Time T11: 45
Waiting Time T12: 5
Waiting Time T13: 26
Waiting Time T14: 37
Waiting Time T15: 9
Waiting Time T16: 19
Waiting Time T17: 38
Waiting Time T18: 8
Waiting Time T19: 32
Waiting Time T20: 44
Waiting Time T21: 51
Waiting Time T22: 7
Waiting Time T23: 150
Waiting Time T24: 177
Waiting Time T25: 180
Waiting Time T26: 139
Waiting Time T27: 197
Waiting Time T28: 74
Waiting Time T29: 318
Waiting Time T30: 98
Waiting Time T31: 369
Waiting Time T32: 32
Waiting Time T33: 381
Waiting Time T34: 107
Waiting Time T35: 299
Waiting Time T36: 311
Waiting Time T37: 371
Waiting Time T38: 367
Waiting Time T39: 315
Waiting Time T40: 338
Waiting Time T41: 92
Waiting Time T42: 309
Waiting Time T43: 344
Waiting Time T44: 179
Waiting Time T45: 326
Waiting Time T46: 264
Waiting Time T47: 305
Waiting Time T48: 186
Waiting Time T49: 186
Waiting Time T50: 266
Average Waiting Time: 141.14

NSJF:
T1	12	16
T2	25	31
T3	38	68
T4	68	96
T5	96	97
T6	97	103
T7	103	105
T8	120	123
T9	141	149
T10	149	170
T11	170	201
T12	201	209
T13	209	229
T15	229	231
T14	231	252
T16	252	265
T18	265	271
T17	271	296
T19	296	313
T20	313	330
T22	330	332
T21	332	350
T23	350	380
T26	380	404
T28	404	416
T27	416	442
T30	442	454
T32	454	455
T24	455	485
T34	485	497
T31	497	528
T35	528	551
T36	551	574
T39	574	597
T41	597	602
T42	602	624
T44	624	633
T46	633	651
T48	651	660
T49	660	669
T50	669	690
T40	690	716
T45	716	745
T33	745	776
T47	776	807
T25	807	839
T29	839	871
T37	871	903
T38	903	935
T43	935	967
Waiting Time T1: 0
Waiting Time T2: 0
Waiting Time T3: 0
Waiting Time T4: 17
Waiting Time T5: 18
Waiting Time T6: 16
Waiting Time T7: 2
Waiting Time T8: 0
Waiting Time T9: 0
Waiting Time T10: 3
Waiting Time T11: 7
Waiting Time T12: 28
Waiting Time T13: 19
Waiting Time T14: 21
Waiting Time T15: 16
Waiting Time T16: 15
Waiting Time T17: 14
Waiting Time T18: 0
Waiting Time T19: 16
Waiting Time T20: 18
Waiting Time T21: 19
Waiting Time T22: 8
Waiting Time T23: 25
Waiting Time T24: 115
Waiting Time T25: 460
Waiting Time T26: 18
Waiting Time T27: 30
Waiting Time T28: 7
Waiting Time T29: 435
Waiting Time T30: 11
Waiting Time T31: 55
Waiting Time T32: 8
Waiting Time T33: 288
Waiting Time T34: 1
Waiting Time T35: 20
Waiting Time T36: 36
Waiting Time T37: 346
Waiting Time T38: 352
Waiting Time T39: 20
Waiting Time T40: 116
Waiting Time T41: 20
Waiting Time T42: 23
Waiting Time T43: 348
Waiting Time T44: 17
Waiting Time T45: 107
Waiting Time T46: 3
Waiting Time T47: 145
Waiting Time T48: 7
Waiting Time T49: 5
Waiting Time T50: 1
Average Waiting Time: 65.12

PSJF:
T1	12	16
T2	25	31
T3	38	68
T4	68	78
T5	78	79
T4	79	81
T6	81	87
T4	87	103
T7	103	105
T8	120	123
T9	141	149
T10	149	170
T11	170	173
T12	173	181
T11	181	209
T13	209	213
T15	213	215
T13	215	231
T14	231	237
T16	237	250
T14	250	265
T18	265	271
T17	271	296
T19	296	313
T20	313	322
T22	322	324
T20	324	332
T21	332	350
T23	350	380
T26	380	404
T28	404	416
T27	416	442
T30	442	446
T32	446	447
T30	447	455
T24	455	485
T34	485	497
T31	497	528
T35	528	551
T36	551	574
T39	574	577
T41	577	582
T39	582	602
T42	602	607
T44	607	616
T42	616	633
T46	633	651
T48	651	660
T49	660	669
T50	669	690
T40	690	716
T45	716	745
T33	745	776
T47	776	807
T25	807	839
T29	839	871
T37	871	903
T38	903	935
T43	935	967
Waiting Time T1: 0
Waiting Time T2: 0
Waiting Time T3: 0
Waiting Time T4: 24
Waiting Time T5: 0
Waiting Time T6: 0
Waiting Time T7: 2
Waiting Time T8: 0
Waiting Time T9: 0
Waiting Time T10: 3
Waiting Time T11: 15
Waiting Time T12: 0
Waiting Time T13: 21
Waiting Time T14: 34
Waiting Time T15: 0
Waiting Time T16: 0
Waiting Time T17: 14
Waiting Time T18: 0
Waiting Time T19: 16
Waiting Time T20: 20
Waiting Time T21: 19
Waiting Time T22: 0
Waiting Time T23: 25
Waiting Time T24: 115
Waiting Time T25: 460
Waiting Time T26: 18
Waiting Time T27: 30
Waiting Time T28: 7
Waiting Time T29: 435
Waiting Time T30: 12
Waiting Time T31: 55
Waiting Time T32: 0
Waiting Time T33: 288
Waiting Time T34: 1
Waiting Time T35: 20
Waiting Time T36: 36
Waiting Time T37: 346
Waiting Time T38: 352
Waiting Time T39: 25
Waiting Time T40: 116
Waiting Time T41: 0
Waiting Time T42: 32
Waiting Time T43: 348
Waiting Time T44: 0
Waiting Time T45: 107
Waiting Time T46: 3
Waiting Time T47: 145
Waiting Time T48: 7
Waiting Time T49: 5
Waiting Time T50: 1
Average Waiting Time: 63.14
