FCFS:
T1	23	58
T2	58	74
T3	74	88
T4	88	111
T5	111	134
T6	134	166
T7	166	197
T8	197	239
T9	239	257
T10	257	285
T11	285	317
T12	317	352
T13	352	381
T14	381	414
T15	414	450
T16	450	460
T17	460	493
T18	493	506
T19	506	516
T20	516	523
T21	523	533
T22	533	550
T23	550	551
T24	551	553
T25	553	579
T26	579	587
T27	587	598
T28	598	639
T29	639	670
T30	670	709
T31	709	720
T32	720	741
T33	741	775
T34	775	786
T35	786	823
T36	823	852
T37	852	880
T38	880	924
T39	924	933
T40	933	958
T41	958	994
T42	994	1027
T43	1027	1056
T44	1056	1090
T45	1090	1117
T46	1117	1149
T47	1149	1183
T48	1183	1189
T49	1189	1192
T50	1192	1217
Waiting Time T1: 0
Waiting Time T2: 12
Waiting Time T3: 5
Waiting Time T4: 3
Waiting Time T5: 3
Waiting Time T6: 15
Waiting Time T7: 33
Waiting Time T8: 49
Waiting Time T9: 84
Waiting Time T10: 86
Waiting Time T11: 106
Waiting Time T12: 130
Waiting Time T13: 160
Waiting Time T14: 178
Waiting Time T15: 193
Waiting Time T16: 206
Waiting Time T17: 205
Waiting Time T18: 220
Waiting Time T19: 211
Waiting Time T20: 212
Waiting Time T21: 198
Waiting Time T22: 202
Waiting Time T23: 195
Waiting Time T24: 173
Waiting Time T25: 153
Waiting Time T26: 168
Waiting Time T27: 159
Waiting Time T28: 165
Waiting Time T29: 197
Waiting Time T30: 206
Waiting Time T31: 222
Waiting Time T32: 219
Waiting Time T33: 228
Waiting Time T34: 260
Waiting Time T35: 268
Waiting Time T36: 302
Waiting Time T37: 326
Waiting Time T38: 342
Waiting Time T39: 382
Waiting Time T40: 389
Waiting Time T41: 402
Waiting Time T42: 415
Waiting Time T43: 442
Waiting Time T44: 459
Waiting Time T45: 474
Waiting Time T46: 492
Waiting Time T47: 511
Waiting Time T48: 541
Waiting Time T49: 524
Waiting Time T50: 514
Average Waiting Time: 232.78

RR:
T1	23	58
T2	58	74
T3	74	88
T4	88	111
T5	111	134
T6	134	138
T7	138	142
T6	142	146
T7	146	150
T6	150	154
T8	154	158
T7	158	162
T6	162	166
T9	166	170
T8	170	174
T7	174	178
T6	178	182
T9	182	186
T10	186	190
T8	190	194
T7	194	198
T11	198	202
T6	202	206
T9	206	210
T12	210	214
T10	214	218
T13	218	222
T8	222	226
T7	226	230
T11	230	234
T14	234	238
T6	238	242
T9	242	246
T12	246	250
T10	250	254
T15	254	258
T13	258	262
T8	262	266
T7	266	270
T11	270	274
T14	274	278
T6	278	282
T16	282	286
T9	286	288
T12	288	292
T10	292	296
T17	296	300
T15	300	304
T13	304	308
T8	308	312
T7	312	315
T18	315	319
T11	319	323
T14	323	327
T16	327	331
T12	331	335
T19	335	339
T10	339	343
T17	343	347
T20	347	351
T15	351	355
T13	355	359
T8	359	363
T18	363	367
T11	367	371
T21	371	375
T14	375	379
T22	379	383
T16	383	385
T12	385	389
T19	389	393
T10	393	397
T17	397	401
T20	401	404
T23	404	405
T15	405	409
T13	409	413
T8	413	417
T18	417	421
T11	421	425
T21	425	429
T24	429	431
T14	431	435
T22	435	439
T12	439	443
T19	443	445
T10	445	449
T25	449	453
T17	453	457
T15	457	461
T26	461	465
T13	465	469
T8	469	473
T18	473	474
T11	474	478
T27	478	482
T21	482	484
T28	484	488
T14	488	492
T22	492	496
T29	496	500
T12	500	504
T25	504	508
T17	508	512
T15	512	516
T30	516	520
T26	520	524
T13	524	528
T8	528	532
T11	532	536
T27	536	540
T31	540	544
T28	544	548
T14	548	552
T22	552	556
T29	556	560
T32	560	564
T12	564	568
T25	568	572
T17	572	576
T33	576	580
T34	580	584
T15	584	588
T35	588	592
T30	592	596
T36	596	600
T37	600	604
T13	604	605
T8	605	607
T38	607	611
T27	611	614
T39	614	618
T40	618	622
T31	622	626
T28	626	630
T14	630	634
T41	634	638
T22	638	639
T29	639	643
T32	643	647
T12	647	650
T25	650	654
T17	654	658
T42	658	662
T33	662	666
T34	666	670
T43	670	674
T15	674	678
T35	678	682
T30	682	686
T44	686	690
T36	690	694
T37	694	698
T38	698	702
T45	702	706
T39	706	710
T40	710	714
T46	714	718
T31	718	721
T28	721	725
T14	725	726
T47	726	730
T41	730	734
T48	734	738
T29	738	742
T32	742	746
T25	746	750
T17	750	754
T42	754	758
T49	758	761
T33	761	765
T34	765	768
T43	768	772
T50	772	776
T15	776	780
T35	780	784
T30	784	788
T44	788	792
T36	792	796
T37	796	800
T38	800	804
T45	804	808
T39	808	809
T40	809	813
T46	813	817
T28	817	821
T47	821	825
T41	825	829
T48	829	831
T29	831	835
T32	835	839
T25	839	843
T17	843	844
T42	844	848
T33	848	852
T43	852	856
T50	856	860
T35	860	864
T30	864	868
T44	868	872
T36	872	876
T37	876	880
T38	880	884
T45	884	888
T40	888	892
T46	892	896
T28	896	900
T47	900	904
T41	904	908
T29	908	912
T32	912	916
T25	916	918
T42	918	922
T33	922	926
T43	926	930
T50	930	934
T35	934	938
T30	938	942
T44	942	946
T36	946	950
T37	950	954
T38	954	958
T45	958	962
T40	962	966
T46	966	970
T28	970	974
T47	974	978
T41	978	982
T29	982	986
T32	986	987
T42	987	991
T33	991	995
T43	995	999
T50	999	1003
T35	1003	1007
T30	1007	1011
T44	1011	1015
T36	1015	1019
T37	1019	1023
T38	1023	1027
T45	1027	1031
T40	1031	1035
T46	1035	1039
T28	1039	1043
T47	1043	1047
T41	1047	1051
T29	1051	1054
T42	1054	1058
T33	1058	1062
T43	1062	1066
T50	1066	1070
T35	1070	1074
T30	1074	1078
T44	1078	1082
T36	1082	1086
T37	1086	1090
T38	1090	1094
T45	1094	1098
T40	1098	1099
T46	1099	1103
T28	1103	1107
T47	1107	1111
T41	1111	1115
T42	1115	1119
T33	1119	1123
T43	1123	1127
T50	1127	1131
T35	1131	1135
T30	1135	1139
T44	1139	1143
T36	1143	1144
T38	1144	1148
T45	1148	1151
T46	1151	1155
T28	1155	1159
T47	1159	1163
T41	1163	1167
T42	1167	1171
T33	1171	1173
T43	1173	1174
T50	1174	1175
T35	1175	1179
T30	1179	1182
T44	1182	1186
T38	1186	1190
T46	1190	1194
T28	1194	1195
T47	1195	1199
T41	1199	1203
T42	1203	1204
T35	1204	1205
T44	1205	1207
T38	1207	1211
T47	1211	1213
T38	1213	1217
Waiting Time T1: 0
Waiting Time T2: 12
Waiting Time T3: 5
Waiting Time T4: 3
Waiting Time T5: 3
Waiting Time T6: 131
Waiting Time T7: 151
Waiting Time T8: 417
Waiting Time T9: 115
Waiting Time T10: 250
Waiting Time T11: 325
Waiting Time T12: 428
Waiting Time T13: 384
Waiting Time T14: 490
Waiting Time T15: 523
Waiting Time T16: 131
Waiting Time T17: 556
Waiting Time T18: 188
Waiting Time T19: 140
Waiting Time T20: 93
Waiting Time T21: 149
Waiting Time T22: 291
Waiting Time T23: 49
Waiting Time T24: 51
Waiting Time T25: 492
Waiting Time T26: 105
Waiting Time T27: 175
Waiting Time T28: 721
Waiting Time T29: 581
Waiting Time T30: 679
Waiting Time T31: 223
Waiting Time T32: 465
Waiting Time T33: 626
Waiting Time T34: 242
Waiting Time T35: 650
Waiting Time T36: 594
Waiting Time T37: 536
Waiting Time T38: 635
Waiting Time T39: 258
Waiting Time T40: 530
Waiting Time T41: 611
Waiting Time T42: 592
Waiting Time T43: 560
Waiting Time T44: 576
Waiting Time T45: 508
Waiting Time T46: 537
Waiting Time T47: 541
Waiting Time T48: 183
Waiting Time T49: 93
Waiting Time T50: 472
Average Waiting Time: 341.40

NSJF:
T1	23	58
T2	58	74
T3	74	88
T4	88	111
T5	111	134
T7	134	165
T9	165	183
T10	183	211
T13	211	240
T6	240	272
T16	272	282
T18	282	295
T19	295	305
T20	305	312
T11	312	344
T21	344	354
T22	354	371
T23	371	372
T14	372	405
T24	405	407
T25	407	433
T26	433	441
T27	441	452
T29	452	483
T17	483	516
T31	516	527
T34	527	538
T32	538	559
T39	559	568
T40	568	593
T37	593	621
T45	621	648
T48	648	654
T36	654	683
T49	683	686
T50	686	711
T43	711	740
T46	740	772
T42	772	805
T33	805	839
T44	839	873
T47	873	907
T12	907	942
T15	942	978
T41	978	1014
T35	1014	1051
T30	1051	1090
T28	1090	1131
T8	1131	1173
T38	1173	1217
Waiting Time T1: 0
Waiting Time T2: 12
Waiting Time T3: 5
Waiting Time T4: 3
Waiting Time T5: 3
Waiting Time T6: 121
Waiting Time T7: 1
Waiting Time T8: 983
Waiting Time T9: 10
Waiting Time T10: 12
Waiting Time T11: 133
Waiting Time T12: 720
Waiting Time T13: 19
Waiting Time T14: 169
Waiting Time T15: 721
Waiting Time T16: 28
Waiting Time T17: 228
Waiting Time T18: 9
Waiting Time T19: 0
Waiting Time T20: 1
Waiting Time T21: 19
Waiting Time T22: 23
Waiting Time T23: 16
Waiting Time T24: 27
Waiting Time T25: 7
Waiting Time T26: 22
Waiting Time T27: 13
Waiting Time T28: 657
Waiting Time T29: 10
Waiting Time T30: 587
Waiting Time T31: 29
Waiting Time T32: 37
Waiting Time T33: 292
Waiting Time T34: 12
Waiting Time T35: 496
Waiting Time T36: 133
Waiting Time T37: 67
Waiting Time T38: 635
Waiting Time T39: 17
Waiting Time T40: 24
Waiting Time T41: 422
Waiting Time T42: 193
Waiting Time T43: 126
Waiting Time T44: 242
Waiting Time T45: 5
Waiting Time T46: 115
Waiting Time T47: 235
Waiting Time T48: 6
Waiting Time T49: 18
Waiting Time T50: 8
Average Waiting Time: 153.42

PSJF:
T1	23	58
T2	58	74
T3	74	88
T4	88	111
T5	111	134
T7	134	165
T9	165	183
T10	183	211
T13	211	240
T6	240	244
T16	244	254
T6	254	282
T18	282	295
T19	295	305
T20	305	312
T11	312	325
T21	325	335
T22	335	352
T11	352	355
T23	355	356
T11	356	372
T14	372	378
T24	378	380
T14	380	407
T25	407	411
T26	411	419
T25	419	428
T27	428	439
T25	439	452
T29	452	483
T17	483	487
T31	487	498
T17	498	501
T32	501	522
T34	522	533
T17	533	542
T39	542	551
T17	551	568
T40	568	593
T37	593	621
T45	621	648
T48	648	654
T36	654	665
T49	665	668
T36	668	686
T50	686	711
T43	711	740
T46	740	772
T42	772	805
T33	805	839
T44	839	873
T47	873	907
T12	907	942
T15	942	978
T41	978	1014
T35	1014	1051
T30	1051	1090
T28	1090	1131
T8	1131	1173
T38	1173	1217
Waiting Time T1: 0
Waiting Time T2: 12
Waiting Time T3: 5
Waiting Time T4: 3
Waiting Time T5: 3
Waiting Time T6: 131
Waiting Time T7: 1
Waiting Time T8: 983
Waiting Time T9: 10
Waiting Time T10: 12
Waiting Time T11: 161
Waiting Time T12: 720
Waiting Time T13: 19
Waiting Time T14: 171
Waiting Time T15: 721
Waiting Time T16: 0
Waiting Time T17: 280
Waiting Time T18: 9
Waiting Time T19: 0
Waiting Time T20: 1
Waiting Time T21: 0
Waiting Time T22: 4
Waiting Time T23: 0
Waiting Time T24: 0
Waiting Time T25: 26
Waiting Time T26: 0
Waiting Time T27: 0
Waiting Time T28: 657
Waiting Time T29: 10
Waiting Time T30: 587
Waiting Time T31: 0
Waiting Time T32: 0
Waiting Time T33: 292
Waiting Time T34: 7
Waiting Time T35: 496
Waiting Time T36: 136
Waiting Time T37: 67
Waiting Time T38: 635
Waiting Time T39: 0
Waiting Time T40: 24
Waiting Time T41: 422
Waiting Time T42: 193
Waiting Time T43: 126
Waiting Time T44: 242
Waiting Time T45: 5
Waiting Time T46: 115
Waiting Time T47: 235
Waiting Time T48: 6
Waiting Time T49: 0
Waiting Time T50: 8
Average Waiting Time: 150.70
