FCFS:
T1	30	68
T2	68	92
T3	92	98
T4	113	151
T5	151	180
T6	180	207
T7	207	211
T8	212	233
T9	236	249
T10	249	259
T11	264	301
T12	301	339
T13	339	357
T14	357	368
T15	368	393
T16	393	431
T17	431	465
T18	465	488
T19	488	524
T20	524	547
T21	547	568
T22	568	607
T23	607	634
T24	634	645
T25	645	659
T26	659	675
T27	675	677
T28	677	678
T29	678	707
T30	707	742
T31	742	757
T32	757	772
T33	772	774
T34	774	794
T35	794	822
T36	822	847
T37	847	879
T38	879	891
T39	891	930
T40	930	954
T41	954	971
T42	971	990
T43	990	1016
T44	1016	1039
T45	1039	1056
T46	1056	1058
T47	1058	1072
T48	1072	1073
T49	1073	1104
T50	1104	1136
Waiting Time T1: 0
Waiting Time T2: 18
Waiting Time T3: 16
Waiting Time T4: 0
Waiting Time T5: 9
Waiting Time T6: 21
Waiting Time T7: 26
Waiting Time T8: 0
Waiting Time T9: 0
Waiting Time T10: 4
Waiting Time T11: 0
Waiting Time T12: 5
Waiting Time T13: 36
Waiting Time T14: 49
Waiting Time T15: 30
Waiting Time T16: 27
Waiting Time T17: 60
Waiting Time T18: 61
Waiting Time T19: 76
Waiting Time T20: 83
Waiting Time T21: 74
Waiting Time T22: 58
Waiting Time T23: 80
Waiting Time T24: 97
Waiting Time T25: 102
Waiting Time T26: 113
Waiting Time T27: 122
Waiting Time T28: 96
Waiting Time T29: 82
Waiting Time T30: 83
Waiting Time T31: 90
Waiting Time T32: 80
Waiting Time T33: 64
Waiting Time T34: 59
Waiting Time T35: 57
Waiting Time T36: 53
Waiting Time T37: 39
Waiting Time T38: 63
Waiting Time T39: 55
Waiting Time T40: 91
Waiting Time T41: 105
Waiting Time T42: 109
Waiting Time T43: 122
Waiting Time T44: 120
Waiting Time T45: 125
Waiting Time T46: 126
Waiting Time T47: 100
Waiting Time T48: 100
Waiting Time T49: 88
Waiting Time T50: 115
Average Waiting Time: 63.78

RR:
T1	30	68
T2	68	92
T3	92	98
T4	113	151
T5	151	180
T6	180	184
T7	184	188
T6	188	211
T8	212	233
T9	236	249
T10	249	259
T11	264	301
T12	301	305
T13	305	309
T12	309	313
T14	313	317
T13	317	321
T12	321	325
T14	325	329
T13	329	333
T12	333	337
T14	337	340
T13	340	344
T12	344	348
T15	348	352
T13	352	354
T12	354	358
T15	358	362
T12	362	366
T15	366	370
T16	370	374
T12	374	378
T15	378	382
T17	382	386
T16	386	390
T12	390	394
T15	394	398
T17	398	402
T16	402	406
T12	406	408
T15	408	412
T17	412	416
T18	416	420
T16	420	424
T19	424	428
T15	428	429
T17	429	433
T18	433	437
T16	437	441
T19	441	445
T17	445	449
T18	449	453
T20	453	457
T16	457	461
T19	461	465
T17	465	469
T18	469	473
T20	473	477
T16	477	481
T19	481	485
T17	485	489
T21	489	493
T18	493	497
T20	497	501
T16	501	505
T19	505	509
T17	509	513
T21	513	517
T18	517	520
T20	520	524
T16	524	528
T19	528	532
T22	532	536
T17	536	538
T21	538	542
T20	542	546
T23	546	550
T16	550	552
T19	552	556
T22	556	560
T24	560	564
T21	564	568
T25	568	572
T26	572	576
T20	576	579
T23	579	583
T27	583	585
T19	585	589
T22	589	593
T24	593	597
T21	597	601
T25	601	605
T26	605	609
T28	609	610
T23	610	614
T19	614	618
T22	618	622
T29	622	626
T24	626	629
T21	629	630
T25	630	634
T26	634	638
T23	638	642
T22	642	646
T30	646	650
T29	650	654
T25	654	656
T26	656	660
T23	660	664
T22	664	668
T30	668	672
T31	672	676
T29	676	680
T23	680	684
T22	684	688
T30	688	692
T31	692	696
T32	696	700
T29	700	704
T23	704	707
T22	707	711
T30	711	715
T31	715	719
T32	719	723
T29	723	727
T33	727	729
T22	729	733
T34	733	737
T30	737	741
T31	741	744
T32	744	748
T29	748	752
T22	752	755
T35	755	759
T34	759	763
T30	763	767
T32	767	770
T29	770	774
T35	774	778
T34	778	782
T30	782	786
T36	786	790
T29	790	791
T35	791	795
T34	795	799
T30	799	803
T36	803	807
T35	807	811
T34	811	815
T30	815	818
T36	818	822
T37	822	826
T35	826	830
T38	830	834
T36	834	838
T37	838	842
T35	842	846
T38	846	850
T39	850	854
T36	854	858
T40	858	862
T37	862	866
T35	866	870
T41	870	874
T38	874	878
T39	878	882
T36	882	886
T42	886	890
T40	890	894
T37	894	898
T43	898	902
T41	902	906
T39	906	910
T36	910	911
T42	911	915
T40	915	919
T44	919	923
T37	923	927
T43	927	931
T41	931	935
T39	935	939
T45	939	943
T42	943	947
T40	947	951
T44	951	955
T37	955	959
T46	959	961
T43	961	965
T41	965	969
T39	969	973
T45	973	977
T42	977	981
T40	981	985
T44	985	989
T47	989	993
T37	993	997
T43	997	1001
T41	1001	1002
T48	1002	1003
T39	1003	1007
T45	1007	1011
T42	1011	1014
T49	1014	1018
T40	1018	1022
T50	1022	1026
T44	1026	1030
T47	1030	1034
T37	1034	1038
T43	1038	1042
T39	1042	1046
T45	1046	1050
T49	1050	1054
T50	1054	1058
T44	1058	1062
T47	1062	1066
T43	1066	1070
T39	1070	1074
T45	1074	1075
T49	1075	1079
T50	1079	1083
T44	1083	1086
T47	1086	1088
T43	1088	1090
T39	1090	1094
T49	1094	1098
T50	1098	1102
T39	1102	1105
T49	1105	1109
T50	1109	1113
T49	1113	1117
T50	1117	1121
T49	1121	1125
T50	1125	1129
T49	1129	1132
T50	1132	1136
Waiting Time T1: 0
Waiting Time T2: 18
Waiting Time T3: 16
Waiting Time T4: 0
Waiting Time T5: 9
Waiting Time T6: 25
Waiting Time T7: 3
Waiting Time T8: 0
Waiting Time T9: 0
Waiting Time T10: 4
Waiting Time T11: 0
Waiting Time T12: 74
Waiting Time T13: 33
Waiting Time T14: 21
Waiting Time T15: 66
Waiting Time T16: 148
Waiting Time T17: 133
Waiting Time T18: 93
Waiting Time T19: 170
Waiting Time T20: 115
Waiting Time T21: 136
Waiting Time T22: 206
Waiting Time T23: 153
Waiting Time T24: 81
Waiting Time T25: 99
Waiting Time T26: 98
Waiting Time T27: 30
Waiting Time T28: 28
Waiting Time T29: 166
Waiting Time T30: 159
Waiting Time T31: 77
Waiting Time T32: 78
Waiting Time T33: 19
Waiting Time T34: 80
Waiting Time T35: 105
Waiting Time T36: 117
Waiting Time T37: 198
Waiting Time T38: 50
Waiting Time T39: 230
Waiting Time T40: 159
Waiting Time T41: 136
Waiting Time T42: 133
Waiting Time T43: 196
Waiting Time T44: 167
Waiting Time T45: 144
Waiting Time T46: 29
Waiting Time T47: 116
Waiting Time T48: 30
Waiting Time T49: 116
Waiting Time T50: 115
Average Waiting Time: 87.58

NSJF:
T1	30	68
T2	68	92
T3	92	98
T4	113	151
T5	151	180
T6	180	207
T7	207	211
T8	212	233
T9	236	249
T10	249	259
T11	264	301
T12	301	339
T14	339	350
T13	350	368
T15	368	393
T17	393	427
T18	427	450
T20	450	473
T21	473	494
T19	494	530
T23	530	557
T27	557	559
T24	559	570
T25	570	584
T28	584	585
T26	585	601
T29	601	630
T30	630	665
T31	665	680
T32	680	695
T16	695	733
T33	733	735
T34	735	755
T35	755	783
T36	783	808
T37	808	840
T38	840	852
T41	852	869
T42	869	888
T40	888	912
T44	912	935
T46	935	937
T45	937	954
T43	954	980
T48	980	981
T47	981	995
T49	995	1026
T50	1026	1058
T22	1058	1097
T39	1097	1136
Waiting Time T1: 0
Waiting Time T2: 18
Waiting Time T3: 16
Waiting Time T4: 0
Waiting Time T5: 9
Waiting Time T6: 21
Waiting Time T7: 26
Waiting Time T8: 0
Waiting Time T9: 0
Waiting Time T10: 4
Waiting Time T11: 0
Waiting Time T12: 5
Waiting Time T13: 47
Waiting Time T14: 31
Waiting Time T15: 30
Waiting Time T16: 329
Waiting Time T17: 22
Waiting Time T18: 23
Waiting Time T19: 82
Waiting Time T20: 9
Waiting Time T21: 0
Waiting Time T22: 548
Waiting Time T23: 3
Waiting Time T24: 22
Waiting Time T25: 27
Waiting Time T26: 39
Waiting Time T27: 4
Waiting Time T28: 3
Waiting Time T29: 5
Waiting Time T30: 6
Waiting Time T31: 13
Waiting Time T32: 3
Waiting Time T33: 25
Waiting Time T34: 20
Waiting Time T35: 18
Waiting Time T36: 14
Waiting Time T37: 0
Waiting Time T38: 24
Waiting Time T39: 261
Waiting Time T40: 49
Waiting Time T41: 3
Waiting Time T42: 7
Waiting Time T43: 86
Waiting Time T44: 16
Waiting Time T45: 23
Waiting Time T46: 5
Waiting Time T47: 23
Waiting Time T48: 8
Waiting Time T49: 10
Waiting Time T50: 37
Average Waiting Time: 39.48

PSJF:
T1	30	68
T2	68	76
T3	76	82
T2	82	98
T4	113	151
T5	151	180
T6	180	181
T7	181	185
T6	185	211
T8	212	233
T9	236	249
T10	249	259
T11	264	301
T12	301	303
T13	303	308
T14	308	319
T13	319	332
T12	332	338
T15	338	363
T12	363	393
T17	393	427
T18	427	450
T20	450	473
T21	473	494
T19	494	530
T23	530	537
T24	537	548
T25	548	553
T27	553	555
T25	555	564
T26	564	580
T23	580	581
T28	581	582
T23	582	601
T29	601	630
T30	630	665
T31	665	680
T32	680	695
T16	695	708
T33	708	710
T16	710	735
T34	735	755
T35	755	783
T36	783	808
T37	808	816
T38	816	828
T37	828	852
T41	852	869
T42	869	888
T40	888	912
T44	912	914
T45	914	931
T46	931	933
T44	933	954
T43	954	958
T47	958	972
T48	972	973
T43	973	995
T49	995	1026
T50	1026	1058
T22	1058	1097
T39	1097	1136
Waiting Time T1: 0
Waiting Time T2: 24
Waiting Time T3: 0
Waiting Time T4: 0
Waiting Time T5: 9
Waiting Time T6: 25
Waiting Time T7: 0
Waiting Time T8: 0
Waiting Time T9: 0
Waiting Time T10: 4
Waiting Time T11: 0
Waiting Time T12: 59
Waiting Time T13: 11
Waiting Time T14: 0
Waiting Time T15: 0
Waiting Time T16: 331
Waiting Time T17: 22
Waiting Time T18: 23
Waiting Time T19: 82
Waiting Time T20: 9
Waiting Time T21: 0
Waiting Time T22: 548
Waiting Time T23: 47
Waiting Time T24: 0
Waiting Time T25: 7
Waiting Time T26: 18
Waiting Time T27: 0
Waiting Time T28: 0
Waiting Time T29: 5
Waiting Time T30: 6
Waiting Time T31: 13
Waiting Time T32: 3
Waiting Time T33: 0
Waiting Time T34: 20
Waiting Time T35: 18
Waiting Time T36: 14
Waiting Time T37: 12
Waiting Time T38: 0
Waiting Time T39: 261
Waiting Time T40: 49
Waiting Time T41: 3
Waiting Time T42: 7
Waiting Time T43: 101
Waiting Time T44: 35
Waiting Time T45: 0
Waiting Time T46: 1
Waiting Time T47: 0
Waiting Time T48: 0
Waiting Time T49: 10
Waiting Time T50: 37
Average Waiting Time: 36.28
