FCFS:
T1	34	68
T2	68	70
T3	76	120
T4	120	131
T5	131	164
T6	164	201
T7	201	224
T8	224	228
T9	228	230
T10	230	231
T11	258	286
T12	286	292
T13	292	331
T14	331	355
T15	355	375
T16	375	421
T17	421	459
T18	459	475
T19	475	515
T20	515	524
T21	524	535
T22	535	567
T23	567	606
T24	606	609
T25	609	636
T26	636	680
T27	680	724
T28	724	753
T29	753	759
T30	759	780
T31	780	824
T32	824	834
T33	834	849
T34	849	890
T35	890	937
T36	937	965
T37	965	1005
T38	1005	1011
T39	1011	1022
T40	1022	1063
T41	1063	1111
T42	1111	1155
T43	1155	1177
T44	1177	1194
T45	1194	1203
T46	1203	1232
T47	1232	1245
T48	1245	1260
T49	1260	1281
T50	1281	1315
Waiting Time T1: 0
Waiting Time T2: 26
Waiting Time T3: 0
Waiting Time T4: 13
Waiting Time T5: 21
Waiting Time T6: 27
Waiting Time T7: 37
Waiting Time T8: 54
Waiting Time T9: 31
Waiting Time T10: 7
Waiting Time T11: 0
Waiting Time T12: 17
Waiting Time T13: 21
Waiting Time T14: 26
Waiting Time T15: 30
Waiting Time T16: 34
Waiting Time T17: 66
Waiting Time T18: 94
Waiting Time T19: 97
Waiting Time T20: 103
Waiting Time T21: 91
Waiting Time T22: 74
Waiting Time T23: 82
Waiting Time T24: 86
Waiting Time T25: 60
Waiting Time T26: 57
Waiting Time T27: 84
Waiting Time T28: 127
Waiting Time T29: 142
Waiting Time T30: 125
Waiting Time T31: 145
Waiting Time T32: 183
Waiting Time T33: 174
Waiting Time T34: 180
Waiting Time T35: 207
Waiting Time T36: 232
Waiting Time T37: 237
Waiting Time T38: 248
Waiting Time T39: 243
Waiting Time T40: 221
Waiting Time T41: 229
Waiting Time T42: 275
Waiting Time T43: 317
Waiting Time T44: 338
Waiting Time T45: 326
Waiting Time T46: 311
Waiting Time T47: 318
Waiting Time T48: 297
Waiting Time T49: 282
Waiting Time T50: 277
Average Waiting Time: 133.44

RR:
T1	34	68
T2	68	70
T3	76	120
T4	120	124
T5	124	128
T4	128	132
T5	132	136
T4	136	139
T5	139	143
T6	143	147
T5	147	151
T6	151	155
T5	155	159
T6	159	163
T5	163	167
T6	167	171
T7	171	175
T5	175	179
T8	179	183
T6	183	187
T7	187	191
T5	191	195
T6	195	199
T7	199	203
T5	203	204
T9	204	206
T6	206	210
T7	210	214
T6	214	218
T7	218	222
T6	222	226
T7	226	229
T10	229	230
T6	230	231
T11	258	286
T12	286	290
T13	290	294
T12	294	296
T13	296	331
T14	331	335
T15	335	339
T14	339	343
T15	343	347
T16	347	351
T14	351	355
T15	355	359
T16	359	363
T17	363	367
T14	367	371
T15	371	375
T16	375	379
T18	379	383
T17	383	387
T14	387	391
T15	391	395
T19	395	399
T16	399	403
T18	403	407
T17	407	411
T14	411	415
T19	415	419
T16	419	423
T18	423	427
T17	427	431
T20	431	435
T19	435	439
T16	439	443
T18	443	447
T17	447	451
T21	451	455
T20	455	459
T19	459	463
T16	463	467
T17	467	471
T21	471	475
T20	475	476
T22	476	480
T19	480	484
T16	484	488
T17	488	492
T21	492	495
T22	495	499
T19	499	503
T23	503	507
T16	507	511
T17	511	515
T22	515	519
T19	519	523
T23	523	527
T16	527	531
T17	531	535
T22	535	539
T24	539	542
T19	542	546
T23	546	550
T16	550	554
T17	554	556
T22	556	560
T19	560	564
T25	564	568
T23	568	572
T16	572	574
T22	574	578
T19	578	582
T25	582	586
T23	586	590
T22	590	594
T26	594	598
T25	598	602
T23	602	606
T22	606	610
T27	610	614
T28	614	618
T26	618	622
T25	622	626
T23	626	630
T29	630	634
T27	634	638
T28	638	642
T26	642	646
T25	646	650
T23	650	654
T30	654	658
T29	658	660
T31	660	664
T27	664	668
T32	668	672
T28	672	676
T26	676	680
T25	680	684
T23	684	688
T30	688	692
T33	692	696
T31	696	700
T27	700	704
T34	704	708
T32	708	712
T28	712	716
T26	716	720
T35	720	724
T25	724	727
T23	727	730
T30	730	734
T33	734	738
T31	738	742
T27	742	746
T36	746	750
T34	750	754
T32	754	756
T28	756	760
T26	760	764
T35	764	768
T37	768	772
T30	772	776
T33	776	780
T31	780	784
T27	784	788
T36	788	792
T34	792	796
T38	796	800
T28	800	804
T26	804	808
T39	808	812
T35	812	816
T37	816	820
T30	820	824
T33	824	827
T31	827	831
T27	831	835
T36	835	839
T34	839	843
T38	843	845
T40	845	849
T28	849	853
T26	853	857
T39	857	861
T35	861	865
T37	865	869
T30	869	870
T31	870	874
T41	874	878
T27	878	882
T42	882	886
T43	886	890
T44	890	894
T36	894	898
T34	898	902
T40	902	906
T28	906	907
T26	907	911
T39	911	914
T35	914	918
T45	918	922
T37	922	926
T31	926	930
T41	930	934
T27	934	938
T42	938	942
T43	942	946
T46	946	950
T44	950	954
T36	954	958
T34	958	962
T40	962	966
T26	966	970
T47	970	974
T35	974	978
T45	978	982
T37	982	986
T31	986	990
T41	990	994
T27	994	998
T42	998	1002
T43	1002	1006
T48	1006	1010
T46	1010	1014
T44	1014	1018
T36	1018	1022
T34	1022	1026
T40	1026	1030
T26	1030	1034
T47	1034	1038
T49	1038	1042
T35	1042	1046
T45	1046	1047
T37	1047	1051
T31	1051	1055
T41	1055	1059
T27	1059	1063
T42	1063	1067
T50	1067	1071
T43	1071	1075
T48	1075	1079
T46	1079	1083
T44	1083	1087
T36	1087	1091
T34	1091	1095
T40	1095	1099
T47	1099	1103
T49	1103	1107
T35	1107	1111
T37	1111	1115
T31	1115	1119
T41	1119	1123
T42	1123	1127
T50	1127	1131
T43	1131	1135
T48	1135	1139
T46	1139	1143
T44	1143	1144
T34	1144	1148
T40	1148	1152
T47	1152	1153
T49	1153	1157
T35	1157	1161
T37	1161	1165
T31	1165	1169
T41	1169	1173
T42	1173	1177
T50	1177	1181
T43	1181	1183
T48	1183	1186
T46	1186	1190
T34	1190	1194
T40	1194	1198
T49	1198	1202
T35	1202	1206
T37	1206	1210
T41	1210	1214
T42	1214	1218
T50	1218	1222
T46	1222	1226
T34	1226	1227
T40	1227	1231
T49	1231	1235
T35	1235	1239
T37	1239	1243
T41	1243	1247
T42	1247	1251
T50	1251	1255
T46	1255	1259
T40	1259	1263
T49	1263	1264
T35	1264	1267
T41	1267	1271
T42	1271	1275
T50	1275	1279
T46	1279	1280
T40	1280	1284
T41	1284	1288
T42	1288	1292
T50	1292	1296
T40	1296	1297
T41	1297	1301
T42	1301	1305
T50	1305	1309
T41	1309	1313
T50	1313	1315
Waiting Time T1: 0
Waiting Time T2: 26
Waiting Time T3: 0
Waiting Time T4: 21
Waiting Time T5: 61
Waiting Time T6: 57
Waiting Time T7: 42
Waiting Time T8: 9
Waiting Time T9: 7
Waiting Time T10: 6
Waiting Time T11: 0
Waiting Time T12: 21
Waiting Time T13: 21
Waiting Time T14: 86
Waiting Time T15: 50
Waiting Time T16: 187
Waiting Time T17: 163
Waiting Time T18: 66
Waiting Time T19: 164
Waiting Time T20: 55
Waiting Time T21: 51
Waiting Time T22: 117
Waiting Time T23: 206
Waiting Time T24: 19
Waiting Time T25: 151
Waiting Time T26: 411
Waiting Time T27: 423
Waiting Time T28: 281
Waiting Time T29: 43
Waiting Time T30: 215
Waiting Time T31: 490
Waiting Time T32: 105
Waiting Time T33: 152
Waiting Time T34: 517
Waiting Time T35: 537
Waiting Time T36: 358
Waiting Time T37: 475
Waiting Time T38: 82
Waiting Time T39: 135
Waiting Time T40: 455
Waiting Time T41: 431
Waiting Time T42: 425
Waiting Time T43: 323
Waiting Time T44: 288
Waiting Time T45: 170
Waiting Time T46: 359
Waiting Time T47: 226
Waiting Time T48: 223
Waiting Time T49: 265
Waiting Time T50: 277
Average Waiting Time: 185.04

NSJF:
T1	34	68
T2	68	70
T3	76	120
T4	120	131
T5	131	164
T7	164	187
T8	187	191
T6	191	228
T10	228	229
T9	229	231
T11	258	286
T12	286	292
T13	292	331
T15	331	351
T14	351	375
T18	375	391
T17	391	429
T20	429	438
T21	438	449
T19	449	489
T22	489	521
T24	521	524
T23	524	563
T25	563	590
T26	590	634
T29	634	640
T30	640	661
T32	661	671
T33	671	686
T28	686	715
T36	715	743
T37	743	783
T38	783	789
T39	789	800
T34	800	841
T44	841	858
T43	858	880
T45	880	889
T40	889	930
T47	930	943
T46	943	972
T48	972	987
T49	987	1008
T50	1008	1042
T27	1042	1086
T31	1086	1130
T42	1130	1174
T16	1174	1220
T35	1220	1267
T41	1267	1315
Waiting Time T1: 0
Waiting Time T2: 26
Waiting Time T3: 0
Waiting Time T4: 13
Waiting Time T5: 21
Waiting Time T6: 54
Waiting Time T7: 0
Waiting Time T8: 17
Waiting Time T9: 32
Waiting Time T10: 5
Waiting Time T11: 0
Waiting Time T12: 17
Waiting Time T13: 21
Waiting Time T14: 46
Waiting Time T15: 6
Waiting Time T16: 833
Waiting Time T17: 36
Waiting Time T18: 10
Waiting Time T19: 71
Waiting Time T20: 17
Waiting Time T21: 5
Waiting Time T22: 28
Waiting Time T23: 39
Waiting Time T24: 1
Waiting Time T25: 14
Waiting Time T26: 11
Waiting Time T27: 446
Waiting Time T28: 89
Waiting Time T29: 23
Waiting Time T30: 6
Waiting Time T31: 451
Waiting Time T32: 20
Waiting Time T33: 11
Waiting Time T34: 131
Waiting Time T35: 537
Waiting Time T36: 10
Waiting Time T37: 15
Waiting Time T38: 26
Waiting Time T39: 21
Waiting Time T40: 88
Waiting Time T41: 433
Waiting Time T42: 294
Waiting Time T43: 20
Waiting Time T44: 2
Waiting Time T45: 12
Waiting Time T46: 51
Waiting Time T47: 16
Waiting Time T48: 24
Waiting Time T49: 9
Waiting Time T50: 4
Average Waiting Time: 81.24

PSJF:
T1	34	42
T2	42	44
T1	44	70
T3	76	107
T4	107	118
T3	118	131
T5	131	164
T7	164	170
T8	170	174
T7	174	191
T6	191	197
T9	197	199
T6	199	223
T10	223	224
T6	224	231
T11	258	269
T12	269	275
T11	275	292
T13	292	305
T14	305	329
T15	329	349
T13	349	375
T18	375	391
T17	391	412
T20	412	421
T17	421	438
T21	438	449
T19	449	489
T22	489	521
T24	521	524
T23	524	563
T25	563	590
T26	590	597
T28	597	611
T29	611	617
T28	617	632
T26	632	634
T30	634	641
T32	641	651
T30	651	665
T33	665	680
T26	680	715
T36	715	743
T37	743	757
T38	757	763
T37	763	768
T39	768	779
T37	779	800
T34	800	841
T44	841	858
T43	858	868
T45	868	877
T43	877	889
T40	889	892
T46	892	921
T47	921	934
T40	934	948
T48	948	963
T40	963	987
T49	987	1008
T50	1008	1042
T27	1042	1086
T31	1086	1130
T42	1130	1174
T16	1174	1220
T35	1220	1267
T41	1267	1315
Waiting Time T1: 2
Waiting Time T2: 0
Waiting Time T3: 11
Waiting Time T4: 0
Waiting Time T5: 21
Waiting Time T6: 57
Waiting Time T7: 4
Waiting Time T8: 0
Waiting Time T9: 0
Waiting Time T10: 0
Waiting Time T11: 6
Waiting Time T12: 0
Waiting Time T13: 65
Waiting Time T14: 0
Waiting Time T15: 4
Waiting Time T16: 833
Waiting Time T17: 45
Waiting Time T18: 10
Waiting Time T19: 71
Waiting Time T20: 0
Waiting Time T21: 5
Waiting Time T22: 28
Waiting Time T23: 39
Waiting Time T24: 1
Waiting Time T25: 14
Waiting Time T26: 92
Waiting Time T27: 446
Waiting Time T28: 6
Waiting Time T29: 0
Waiting Time T30: 10
Waiting Time T31: 451
Waiting Time T32: 0
Waiting Time T33: 5
Waiting Time T34: 131
Waiting Time T35: 537
Waiting Time T36: 10
Waiting Time T37: 32
Waiting Time T38: 0
Waiting Time T39: 0
Waiting Time T40: 145
Waiting Time T41: 433
Waiting Time T42: 294
Waiting Time T43: 29
Waiting Time T44: 2
Waiting Time T45: 0
Waiting Time T46: 0
Waiting Time T47: 7
Waiting Time T48: 0
Waiting Time T49: 9
Waiting Time T50: 4
Average Waiting Time: 77.18
