FCFS:
T1	25	57
T2	57	87
T3	87	105
T4	105	137
T5	137	152
T6	152	179
T7	179	209
T8	209	214
T9	214	236
T10	236	265
T11	265	284
T12	284	302
T13	302	304
T14	304	340
T15	340	365
T16	365	370
T17	370	406
T18	406	434
T19	434	470
T20	470	504
T21	504	539
T22	539	573
T23	573	606
T24	606	623
T25	623	643
T26	643	666
T27	666	671
T28	671	690
T29	690	707
T30	707	735
T31	735	762
T32	762	787
T33	787	813
T34	813	821
T35	821	849
T36	849	882
T37	882	908
T38	908	915
T39	915	937
T40	937	970
T41	970	982
T42	982	987
T43	987	1023
T44	1023	1056
T45	1056	1069
T46	1069	1087
T47	1087	1117
T48	1117	1120
T49	1120	1143
T50	1143	1169
Waiting Time T1: 0
Waiting Time T2: 21
Waiting Time T3: 20
Waiting Time T4: 18
Waiting Time T5: 30
Waiting Time T6: 44
Waiting Time T7: 63
Waiting Time T8: 71
Waiting Time T9: 71
Waiting Time T10: 70
Waiting Time T11: 95
Waiting Time T12: 90
Waiting Time T13: 106
Waiting Time T14: 82
Waiting Time T15: 101
Waiting Time T16: 113
Waiting Time T17: 104
Waiting Time T18: 121
Waiting Time T19: 115
Waiting Time T20: 136
Waiting Time T21: 165
Waiting Time T22: 186
Waiting Time T23: 201
Waiting Time T24: 233
Waiting Time T25: 220
Waiting Time T26: 213
Waiting Time T27: 222
Waiting Time T28: 206
Waiting Time T29: 211
Waiting Time T30: 224
Waiting Time T31: 245
Waiting Time T32: 256
Waiting Time T33: 268
Waiting Time T34: 291
Waiting Time T35: 276
Waiting Time T36: 303
Waiting Time T37: 331
Waiting Time T38: 350
Waiting Time T39: 344
Waiting Time T40: 343
Waiting Time T41: 366
Waiting Time T42: 353
Waiting Time T43: 342
Waiting Time T44: 349
Waiting Time T45: 365
Waiting Time T46: 370
Waiting Time T47: 361
Waiting Time T48: 368
Waiting Time T49: 361
Waiting Time T50: 377
Average Waiting Time: 203.42

RR:
T1	25	57
T2	57	87
T3	87	91
T4	91	95
T3	95	99
T4	99	103
T3	103	107
T4	107	111
T5	111	115
T3	115	119
T6	119	123
T4	123	127
T5	127	131
T7	131	135
T3	135	137
T6	137	141
T4	141	145
T5	145	149
T7	149	153
T8	153	157
T6	157	161
T9	161	165
T4	165	169
T5	169	172
T7	172	176
T8	176	177
T6	177	181
T9	181	185
T10	185	189
T4	189	193
T11	193	197
T7	197	201
T6	201	205
T9	205	209
T10	209	213
T4	213	217
T12	217	221
T13	221	223
T11	223	227
T7	227	231
T6	231	235
T9	235	239
T10	239	243
T12	243	247
T14	247	251
T11	251	255
T7	255	259
T6	259	262
T15	262	266
T9	266	270
T10	270	274
T12	274	278
T14	278	282
T16	282	286
T11	286	290
T7	290	294
T17	294	298
T15	298	302
T9	302	304
T10	304	308
T12	308	312
T14	312	316
T18	316	320
T16	320	321
T11	321	324
T7	324	326
T17	326	330
T15	330	334
T10	334	338
T12	338	340
T14	340	344
T19	344	348
T18	348	352
T17	352	356
T20	356	360
T15	360	364
T10	364	368
T21	368	372
T14	372	376
T19	376	380
T18	380	384
T22	384	388
T17	388	392
T20	392	396
T15	396	400
T10	400	401
T23	401	405
T21	405	409
T24	409	413
T14	413	417
T19	417	421
T18	421	425
T22	425	429
T17	429	433
T20	433	437
T15	437	441
T25	441	445
T23	445	449
T21	449	453
T24	453	457
T14	457	461
T19	461	465
T18	465	469
T22	469	473
T26	473	477
T17	477	481
T20	481	485
T15	485	486
T27	486	490
T25	490	494
T23	494	498
T21	498	502
T24	502	506
T14	506	510
T28	510	514
T19	514	518
T18	518	522
T22	522	526
T26	526	530
T29	530	534
T17	534	538
T30	538	542
T20	542	546
T31	546	550
T27	550	551
T25	551	555
T23	555	559
T21	559	563
T32	563	567
T24	567	571
T14	571	575
T28	575	579
T19	579	583
T33	583	587
T34	587	591
T18	591	595
T22	595	599
T26	599	603
T29	603	607
T17	607	611
T30	611	615
T35	615	619
T36	619	623
T20	623	627
T31	627	631
T37	631	635
T25	635	639
T38	639	643
T23	643	647
T21	647	651
T32	651	655
T39	655	659
T24	659	660
T28	660	664
T19	664	668
T33	668	672
T34	672	676
T40	676	680
T22	680	684
T26	684	688
T41	688	692
T29	692	696
T17	696	700
T30	700	704
T35	704	708
T36	708	712
T20	712	716
T42	716	720
T31	720	724
T37	724	728
T25	728	732
T38	732	735
T43	735	739
T23	739	743
T21	743	747
T32	747	751
T39	751	755
T28	755	759
T19	759	763
T33	763	767
T44	767	771
T40	771	775
T22	775	779
T26	779	783
T45	783	787
T41	787	791
T29	791	795
T46	795	799
T30	799	803
T35	803	807
T36	807	811
T20	811	815
T42	815	816
T31	816	820
T47	820	824
T37	824	828
T43	828	832
T23	832	836
T21	836	840
T48	840	843
T32	843	847
T39	847	851
T49	851	855
T28	855	858
T19	858	862
T50	862	866
T33	866	870
T44	870	874
T40	874	878
T22	878	882
T26	882	885
T45	885	889
T41	889	893
T29	893	894
T46	894	898
T30	898	902
T35	902	906
T36	906	910
T20	910	912
T31	912	916
T47	916	920
T37	920	924
T43	924	928
T23	928	932
T21	932	935
T32	935	939
T39	939	943
T49	943	947
T50	947	951
T33	951	955
T44	955	959
T40	959	963
T22	963	965
T45	965	969
T46	969	973
T30	973	977
T35	977	981
T36	981	985
T31	985	989
T47	989	993
T37	993	997
T43	997	1001
T23	1001	1002
T32	1002	1006
T39	1006	1010
T49	1010	1014
T50	1014	1018
T33	1018	1022
T44	1022	1026
T40	1026	1030
T45	1030	1031
T46	1031	1035
T30	1035	1039
T35	1039	1043
T36	1043	1047
T31	1047	1050
T47	1050	1054
T37	1054	1058
T43	1058	1062
T32	1062	1063
T39	1063	1065
T49	1065	1069
T50	1069	1073
T33	1073	1075
T44	1075	1079
T40	1079	1083
T46	1083	1085
T35	1085	1089
T36	1089	1093
T47	1093	1097
T37	1097	1099
T43	1099	1103
T49	1103	1107
T50	1107	1111
T44	1111	1115
T40	1115	1119
T36	1119	1123
T47	1123	1127
T43	1127	1131
T49	1131	1134
T50	1134	1138
T44	1138	1142
T40	1142	1146
T36	1146	1147
T47	1147	1151
T43	1151	1155
T50	1155	1157
T44	1157	1161
T40	1161	1162
T47	1162	1164
T43	1164	1168
T44	1168	1169
Waiting Time T1: 0
Waiting Time T2: 21
Waiting Time T3: 52
Waiting Time T4: 98
Waiting Time T5: 50
Waiting Time T6: 127
Waiting Time T7: 180
Waiting Time T8: 34
Waiting Time T9: 139
Waiting Time T10: 206
Waiting Time T11: 135
Waiting Time T12: 128
Waiting Time T13: 25
Waiting Time T14: 317
Waiting Time T15: 222
Waiting Time T16: 64
Waiting Time T17: 398
Waiting Time T18: 282
Waiting Time T19: 507
Waiting Time T20: 544
Waiting Time T21: 561
Waiting Time T22: 578
Waiting Time T23: 597
Waiting Time T24: 270
Waiting Time T25: 309
Waiting Time T26: 432
Waiting Time T27: 102
Waiting Time T28: 374
Waiting Time T29: 398
Waiting Time T30: 528
Waiting Time T31: 533
Waiting Time T32: 532
Waiting Time T33: 530
Waiting Time T34: 146
Waiting Time T35: 516
Waiting Time T36: 568
Waiting Time T37: 522
Waiting Time T38: 170
Waiting Time T39: 472
Waiting Time T40: 535
Waiting Time T41: 277
Waiting Time T42: 182
Waiting Time T43: 487
Waiting Time T44: 462
Waiting Time T45: 327
Waiting Time T46: 368
Waiting Time T47: 408
Waiting Time T48: 91
Waiting Time T49: 352
Waiting Time T50: 365
Average Waiting Time: 310.42

NSJF:
T1	25	57
T2	57	87
T3	87	105
T4	105	137
T5	137	152
T8	152	157
T9	157	179
T11	179	198
T13	198	200
T12	200	218
T6	218	245
T15	245	270
T16	270	275
T10	275	304
T18	304	332
T7	332	362
T20	362	396
T24	396	413
T25	413	433
T26	433	456
T27	456	461
T23	461	494
T29	494	511
T28	511	530
T34	530	538
T32	538	563
T38	563	570
T33	570	596
T39	596	618
T41	618	630
T42	630	635
T37	635	661
T31	661	688
T30	688	716
T45	716	729
T46	729	747
T35	747	775
T48	775	778
T49	778	801
T50	801	827
T47	827	857
T36	857	890
T40	890	923
T44	923	956
T22	956	990
T21	990	1025
T14	1025	1061
T17	1061	1097
T19	1097	1133
T43	1133	1169
Waiting Time T1: 0
Waiting Time T2: 21
Waiting Time T3: 20
Waiting Time T4: 18
Waiting Time T5: 30
Waiting Time T6: 110
Waiting Time T7: 216
Waiting Time T8: 14
Waiting Time T9: 14
Waiting Time T10: 109
Waiting Time T11: 9
Waiting Time T12: 6
Waiting Time T13: 2
Waiting Time T14: 803
Waiting Time T15: 6
Waiting Time T16: 18
Waiting Time T17: 795
Waiting Time T18: 19
Waiting Time T19: 778
Waiting Time T20: 28
Waiting Time T21: 651
Waiting Time T22: 603
Waiting Time T23: 89
Waiting Time T24: 23
Waiting Time T25: 10
Waiting Time T26: 3
Waiting Time T27: 12
Waiting Time T28: 46
Waiting Time T29: 15
Waiting Time T30: 205
Waiting Time T31: 171
Waiting Time T32: 32
Waiting Time T33: 51
Waiting Time T34: 8
Waiting Time T35: 202
Waiting Time T36: 311
Waiting Time T37: 84
Waiting Time T38: 5
Waiting Time T39: 25
Waiting Time T40: 296
Waiting Time T41: 14
Waiting Time T42: 1
Waiting Time T43: 488
Waiting Time T44: 249
Waiting Time T45: 25
Waiting Time T46: 30
Waiting Time T47: 101
Waiting Time T48: 26
Waiting Time T49: 19
Waiting Time T50: 35
Average Waiting Time: 136.92

PSJF:
T1	25	57
T2	57	67
T3	67	85
T2	85	105
T4	105	107
T5	107	122
T6	122	138
T8	138	143
T6	143	154
T9	154	176
T11	176	195
T12	195	196
T13	196	198
T12	198	215
T10	215	244
T15	244	252
T16	252	257
T15	257	274
T4	274	304
T18	304	332
T7	332	362
T20	362	373
T24	373	390
T20	390	413
T25	413	433
T26	433	444
T27	444	449
T26	449	461
T23	461	465
T28	465	484
T29	484	501
T31	501	528
T34	528	536
T32	536	561
T38	561	568
T33	568	571
T39	571	593
T33	593	616
T41	616	628
T37	628	629
T42	629	634
T37	634	659
T30	659	687
T35	687	691
T45	691	704
T46	704	722
T35	722	746
T23	746	749
T48	749	752
T23	752	778
T49	778	801
T50	801	827
T47	827	857
T36	857	890
T40	890	923
T44	923	956
T22	956	990
T21	990	1025
T14	1025	1061
T17	1061	1097
T19	1097	1133
T43	1133	1169
Waiting Time T1: 0
Waiting Time T2: 39
Waiting Time T3: 0
Waiting Time T4: 185
Waiting Time T5: 0
Waiting Time T6: 19
Waiting Time T7: 216
Waiting Time T8: 0
Waiting Time T9: 11
Waiting Time T10: 49
Waiting Time T11: 6
Waiting Time T12: 3
Waiting Time T13: 0
Waiting Time T14: 803
Waiting Time T15: 10
Waiting Time T16: 0
Waiting Time T17: 795
Waiting Time T18: 19
Waiting Time T19: 778
Waiting Time T20: 45
Waiting Time T21: 651
Waiting Time T22: 603
Waiting Time T23: 373
Waiting Time T24: 0
Waiting Time T25: 10
Waiting Time T26: 8
Waiting Time T27: 0
Waiting Time T28: 0
Waiting Time T29: 5
Waiting Time T30: 176
Waiting Time T31: 11
Waiting Time T32: 30
Waiting Time T33: 71
Waiting Time T34: 6
Waiting Time T35: 173
Waiting Time T36: 311
Waiting Time T37: 82
Waiting Time T38: 3
Waiting Time T39: 0
Waiting Time T40: 296
Waiting Time T41: 12
Waiting Time T42: 0
Waiting Time T43: 488
Waiting Time T44: 249
Waiting Time T45: 0
Waiting Time T46: 5
Waiting Time T47: 101
Waiting Time T48: 0
Waiting Time T49: 19
Waiting Time T50: 35
Average Waiting Time: 133.92
