FCFS:
T1	5	15
T2	20	48
T3	48	85
T4	85	111
T5	111	142
T6	142	161
T7	161	196
T8	196	218
T9	218	225
T10	225	250
T11	250	279
T12	279	299
T13	299	332
T14	332	362
T15	362	395
T16	395	398
T17	398	421
T18	421	452
T19	452	453
T20	453	488
T21	488	492
T22	492	493
T23	493	527
T24	527	541
T25	541	550
T26	550	565
T27	565	569
T28	569	576
T29	576	594
T30	594	626
T31	626	632
T32	632	668
T33	668	701
T34	701	726
T35	726	755
T36	755	778
T37	778	809
T38	809	816
T39	816	818
T40	818	836
T41	836	848
T42	848	851
T43	851	856
T44	856	885
T45	885	897
T46	897	904
T47	904	909
T48	909	912
T49	912	947
T50	947	963
Waiting Time T1: 0
Waiting Time T2: 0
Waiting Time T3: 13
Waiting Time T4: 25
Waiting Time T5: 33
Waiting Time T6: 48
Waiting Time T7: 40
Waiting Time T8: 49
Waiting Time T9: 70
Waiting Time T10: 76
Waiting Time T11: 90
Waiting Time T12: 106
Waiting Time T13: 107
Waiting Time T14: 113
Waiting Time T15: 134
Waiting Time T16: 157
Waiting Time T17: 135
Waiting Time T18: 127
Waiting Time T19: 150
Waiting Time T20: 129
Waiting Time T21: 161
Waiting Time T22: 164
Waiting Time T23: 152
Waiting Time T24: 168
Waiting Time T25: 153
Waiting Time T26: 155
Waiting Time T27: 162
Waiting Time T28: 149
Waiting Time T29: 137
Waiting Time T30: 141
Waiting Time T31: 146
Waiting Time T32: 142
Waiting Time T33: 152
Waiting Time T34: 158
Waiting Time T35: 171
Waiting Time T36: 194
Waiting Time T37: 193
Waiting Time T38: 218
Waiting Time T39: 204
Waiting Time T40: 176
Waiting Time T41: 191
Waiting Time T42: 197
Waiting Time T43: 177
Waiting Time T44: 162
Waiting Time T45: 182
Waiting Time T46: 166
Waiting Time T47: 152
Waiting Time T48: 151
Waiting Time T49: 130
Waiting Time T50: 142
Average Waiting Time: 130.96

RR:
T1	5	15
T2	20	48
T3	48	85
T4	85	89
T5	89	93
T4	93	97
T5	97	101
T6	101	105
T4	105	109
T5	109	113
T6	113	117
T4	117	121
T5	121	125
T6	125	129
T7	129	133
T4	133	137
T5	137	141
T6	141	145
T7	145	149
T4	149	153
T5	153	157
T6	157	160
T8	160	164
T9	164	168
T10	168	172
T7	172	176
T4	176	178
T5	178	182
T11	182	186
T8	186	190
T9	190	193
T10	193	197
T12	197	201
T7	201	205
T5	205	208
T11	208	212
T8	212	216
T13	216	220
T10	220	224
T12	224	228
T7	228	232
T11	232	236
T8	236	240
T14	240	244
T13	244	248
T10	248	252
T15	252	256
T12	256	260
T7	260	264
T11	264	268
T16	268	271
T8	271	275
T14	275	279
T13	279	283
T10	283	287
T15	287	291
T12	291	295
T17	295	299
T7	299	303
T11	303	307
T8	307	309
T14	309	313
T13	313	317
T10	317	321
T15	321	325
T18	325	329
T12	329	333
T17	333	337
T19	337	338
T7	338	342
T11	342	346
T14	346	350
T13	350	354
T10	354	355
T20	355	359
T15	359	363
T21	363	367
T22	367	368
T18	368	372
T17	372	376
T23	376	380
T7	380	383
T11	383	387
T14	387	391
T13	391	395
T24	395	399
T20	399	403
T15	403	407
T18	407	411
T17	411	415
T23	415	419
T11	419	420
T25	420	424
T14	424	428
T26	428	432
T13	432	436
T24	436	440
T27	440	444
T20	444	448
T15	448	452
T18	452	456
T17	456	460
T23	460	464
T28	464	468
T25	468	472
T14	472	476
T26	476	480
T13	480	484
T29	484	488
T24	488	492
T20	492	496
T15	496	500
T30	500	504
T18	504	508
T17	508	511
T23	511	515
T28	515	518
T25	518	519
T14	519	521
T31	521	525
T26	525	529
T13	529	530
T29	530	534
T32	534	538
T24	538	540
T20	540	544
T15	544	548
T30	548	552
T18	552	556
T23	556	560
T33	560	564
T31	564	566
T26	566	569
T29	569	573
T32	573	577
T34	577	581
T20	581	585
T15	585	586
T30	586	590
T35	590	594
T18	594	598
T23	598	602
T36	602	606
T33	606	610
T29	610	614
T32	614	618
T34	618	622
T37	622	626
T20	626	630
T30	630	634
T38	634	638
T35	638	642
T18	642	645
T23	645	649
T36	649	653
T33	653	657
T39	657	659
T29	659	661
T32	661	665
T34	665	669
T37	669	673
T20	673	677
T30	677	681
T38	681	684
T40	684	688
T35	688	692
T41	692	696
T23	696	700
T42	700	703
T36	703	707
T33	707	711
T32	711	715
T34	715	719
T37	719	723
T43	723	727
T20	727	730
T30	730	734
T40	734	738
T35	738	742
T44	742	746
T41	746	750
T23	750	752
T45	752	756
T36	756	760
T33	760	764
T32	764	768
T34	768	772
T37	772	776
T43	776	777
T46	777	781
T30	781	785
T40	785	789
T35	789	793
T44	793	797
T41	797	801
T47	801	805
T45	805	809
T48	809	812
T36	812	816
T33	816	820
T32	820	824
T34	824	828
T37	828	832
T46	832	835
T49	835	839
T30	839	843
T40	843	847
T35	847	851
T44	851	855
T50	855	859
T47	859	860
T45	860	864
T36	864	867
T33	867	871
T32	871	875
T34	875	876
T37	876	880
T49	880	884
T40	884	886
T35	886	890
T44	890	894
T50	894	898
T33	898	902
T32	902	906
T37	906	910
T49	910	914
T35	914	915
T44	915	919
T50	919	923
T33	923	924
T37	924	927
T49	927	931
T44	931	935
T50	935	939
T49	939	943
T44	943	947
T49	947	951
T44	951	952
T49	952	963
Waiting Time T1: 0
Waiting Time T2: 0
Waiting Time T3: 13
Waiting Time T4: 92
Waiting Time T5: 99
Waiting Time T6: 47
Waiting Time T7: 227
Waiting Time T8: 140
Waiting Time T9: 38
Waiting Time T10: 181
Waiting Time T11: 231
Waiting Time T12: 140
Waiting Time T13: 305
Waiting Time T14: 272
Waiting Time T15: 325
Waiting Time T16: 30
Waiting Time T17: 225
Waiting Time T18: 320
Waiting Time T19: 35
Waiting Time T20: 371
Waiting Time T21: 36
Waiting Time T22: 39
Waiting Time T23: 377
Waiting Time T24: 167
Waiting Time T25: 122
Waiting Time T26: 159
Waiting Time T27: 37
Waiting Time T28: 91
Waiting Time T29: 204
Waiting Time T30: 358
Waiting Time T31: 80
Waiting Time T32: 380
Waiting Time T33: 375
Waiting Time T34: 308
Waiting Time T35: 331
Waiting Time T36: 283
Waiting Time T37: 311
Waiting Time T38: 86
Waiting Time T39: 45
Waiting Time T40: 226
Waiting Time T41: 144
Waiting Time T42: 49
Waiting Time T43: 98
Waiting Time T44: 229
Waiting Time T45: 149
Waiting Time T46: 97
Waiting Time T47: 103
Waiting Time T48: 51
Waiting Time T49: 146
Waiting Time T50: 118
Average Waiting Time: 165.80

NSJF:
T1	5	15
T2	20	48
T3	48	85
T4	85	111
T6	111	130
T5	130	161
T9	161	168
T8	168	190
T12	190	210
T10	210	235
T11	235	264
T16	264	267
T17	267	290
T14	290	320
T19	320	321
T18	321	352
T22	352	353
T21	353	357
T13	357	390
T25	390	399
T24	399	413
T27	413	417
T26	417	432
T28	432	439
T29	439	457
T30	457	489
T31	489	495
T15	495	528
T33	528	561
T36	561	584
T34	584	609
T38	609	616
T39	616	618
T35	618	647
T41	647	659
T42	659	662
T40	662	680
T43	680	685
T37	685	716
T45	716	728
T44	728	757
T47	757	762
T48	762	765
T46	765	772
T23	772	806
T50	806	822
T7	822	857
T20	857	892
T49	892	927
T32	927	963
Waiting Time T1: 0
Waiting Time T2: 0
Waiting Time T3: 13
Waiting Time T4: 25
Waiting Time T5: 52
Waiting Time T6: 17
Waiting Time T7: 701
Waiting Time T8: 21
Waiting Time T9: 13
Waiting Time T10: 61
Waiting Time T11: 75
Waiting Time T12: 17
Waiting Time T13: 165
Waiting Time T14: 71
Waiting Time T15: 267
Waiting Time T16: 26
Waiting Time T17: 4
Waiting Time T18: 27
Waiting Time T19: 18
Waiting Time T20: 533
Waiting Time T21: 26
Waiting Time T22: 24
Waiting Time T23: 431
Waiting Time T24: 40
Waiting Time T25: 2
Waiting Time T26: 22
Waiting Time T27: 10
Waiting Time T28: 12
Waiting Time T29: 0
Waiting Time T30: 4
Waiting Time T31: 9
Waiting Time T32: 437
Waiting Time T33: 12
Waiting Time T34: 41
Waiting Time T35: 63
Waiting Time T36: 0
Waiting Time T37: 100
Waiting Time T38: 18
Waiting Time T39: 4
Waiting Time T40: 20
Waiting Time T41: 2
Waiting Time T42: 8
Waiting Time T43: 6
Waiting Time T44: 34
Waiting Time T45: 13
Waiting Time T46: 34
Waiting Time T47: 5
Waiting Time T48: 4
Waiting Time T49: 110
Waiting Time T50: 1
Average Waiting Time: 71.96

PSJF:
T1	5	15
T2	20	48
T3	48	85
T4	85	111
T6	111	130
T5	130	148
T9	148	155
T5	155	168
T8	168	190
T12	190	210
T10	210	235
T11	235	238
T16	238	241
T11	241	267
T17	267	290
T14	290	302
T19	302	303
T14	303	321
T18	321	327
T21	327	328
T22	328	329
T21	329	332
T18	332	357
T13	357	359
T24	359	373
T13	373	388
T25	388	397
T26	397	403
T27	403	407
T26	407	416
T13	416	420
T28	420	427
T13	427	439
T29	439	457
T30	457	480
T31	480	486
T30	486	495
T15	495	528
T33	528	561
T36	561	584
T34	584	591
T38	591	598
T34	598	612
T39	612	614
T34	614	618
T35	618	647
T41	647	651
T42	651	654
T41	654	662
T40	662	674
T43	674	679
T40	679	685
T37	685	703
T45	703	715
T37	715	728
T44	728	731
T46	731	738
T44	738	752
T47	752	757
T44	757	758
T48	758	761
T44	761	772
T23	772	806
T50	806	822
T7	822	857
T20	857	892
T49	892	927
T32	927	963
Waiting Time T1: 0
Waiting Time T2: 0
Waiting Time T3: 13
Waiting Time T4: 25
Waiting Time T5: 59
Waiting Time T6: 17
Waiting Time T7: 701
Waiting Time T8: 21
Waiting Time T9: 0
Waiting Time T10: 61
Waiting Time T11: 78
Waiting Time T12: 17
Waiting Time T13: 214
Waiting Time T14: 72
Waiting Time T15: 267
Waiting Time T16: 0
Waiting Time T17: 4
Waiting Time T18: 32
Waiting Time T19: 0
Waiting Time T20: 533
Waiting Time T21: 1
Waiting Time T22: 0
Waiting Time T23: 431
Waiting Time T24: 0
Waiting Time T25: 0
Waiting Time T26: 6
Waiting Time T27: 0
Waiting Time T28: 0
Waiting Time T29: 0
Waiting Time T30: 10
Waiting Time T31: 0
Waiting Time T32: 437
Waiting Time T33: 12
Waiting Time T34: 50
Waiting Time T35: 63
Waiting Time T36: 0
Waiting Time T37: 112
Waiting Time T38: 0
Waiting Time T39: 0
Waiting Time T40: 25
Waiting Time T41: 5
Waiting Time T42: 0
Waiting Time T43: 0
Waiting Time T44: 49
Waiting Time T45: 0
Waiting Time T46: 0
Waiting Time T47: 0
Waiting Time T48: 0
Waiting Time T49: 110
Waiting Time T50: 1
Average Waiting Time: 68.52
