FCFS:
T1	7	11
T2	14	20
T3	20	70
T4	70	85
T5	85	107
T6	107	146
T7	146	179
T8	179	222
T9	222	254
T10	254	265
T11	265	297
T12	297	311
T13	311	328
T14	328	360
T15	360	405
T16	405	419
T17	419	440
T18	440	464
T19	464	486
T20	486	492
T21	492	515
T22	515	551
T23	551	564
T24	564	591
T25	591	637
T26	637	641
T27	641	649
T28	649	685
T29	685	709
T30	709	751
T31	751	757
T32	757	769
T33	769	771
T34	771	802
T35	802	829
T36	829	869
T37	869	907
T38	907	954
T39	954	967
T40	967	1016
T41	1016	1047
T42	1047	1074
T43	1074	1115
T44	1115	1129
T45	1129	1167
T46	1167	1212
T47	1212	1247
T48	1247	1267
T49	1267	1313
T50	1313	1330
Waiting Time T1: 0
Waiting Time T2: 0
Waiting Time T3: 3
Waiting Time T4: 39
Waiting Time T5: 40
Waiting Time T6: 51
Waiting Time T7: 79
Waiting Time T8: 95
Waiting Time T9: 125
Waiting Time T10: 150
Waiting Time T11: 156
Waiting Time T12: 181
Waiting Time T13: 191
Waiting Time T14: 204
Waiting Time T15: 233
Waiting Time T16: 260
Waiting Time T17: 263
Waiting Time T18: 265
Waiting Time T19: 286
Waiting Time T20: 306
Waiting Time T21: 302
Waiting Time T22: 313
Waiting Time T23: 346
Waiting Time T24: 342
Waiting Time T25: 364
Waiting Time T26: 391
Waiting Time T27: 388
Waiting Time T28: 391
Waiting Time T29: 426
Waiting Time T30: 440
Waiting Time T31: 476
Waiting Time T32: 471
Waiting Time T33: 477
Waiting Time T34: 469
Waiting Time T35: 498
Waiting Time T36: 522
Waiting Time T37: 554
Waiting Time T38: 578
Waiting Time T39: 606
Waiting Time T40: 606
Waiting Time T41: 639
Waiting Time T42: 661
Waiting Time T43: 669
Waiting Time T44: 709
Waiting Time T45: 713
Waiting Time T46: 738
Waiting Time T47: 768
Waiting Time T48: 788
Waiting Time T49: 803
Waiting Time T50: 828
Average Waiting Time: 384.06

RR:
T1	7	11
T2	14	18
T3	18	22
T2	22	24
T3	24	70
T4	70	74
T5	74	78
T6	78	82
T7	82	86
T4	86	90
T5	90	94
T6	94	98
T8	98	102
T7	102	106
T4	106	110
T5	110	114
T9	114	118
T6	118	122
T8	122	126
T10	126	130
T7	130	134
T11	134	138
T4	138	141
T5	141	145
T12	145	149
T9	149	153
T13	153	157
T6	157	161
T14	161	165
T8	165	169
T15	169	173
T10	173	177
T7	177	181
T11	181	185
T16	185	189
T5	189	193
T12	193	197
T9	197	201
T17	201	205
T13	205	209
T6	209	213
T14	213	217
T8	217	221
T15	221	225
T18	225	229
T10	229	232
T19	232	236
T20	236	240
T7	240	244
T11	244	248
T16	248	252
T21	252	256
T5	256	258
T12	258	262
T9	262	266
T22	266	270
T23	270	274
T17	274	278
T13	278	282
T6	282	286
T14	286	290
T8	290	294
T24	294	298
T15	298	302
T25	302	306
T18	306	310
T19	310	314
T20	314	316
T7	316	320
T26	320	324
T11	324	328
T16	328	332
T27	332	336
T21	336	340
T28	340	344
T29	344	348
T12	348	350
T9	350	354
T30	354	358
T22	358	362
T23	362	366
T31	366	370
T17	370	374
T13	374	378
T32	378	382
T6	382	386
T14	386	390
T33	390	392
T8	392	396
T24	396	400
T34	400	404
T15	404	408
T35	408	412
T25	412	416
T36	416	420
T18	420	424
T19	424	428
T37	428	432
T7	432	436
T11	436	440
T38	440	444
T16	444	446
T27	446	450
T21	450	454
T28	454	458
T39	458	462
T29	462	466
T9	466	470
T30	470	474
T40	474	478
T22	478	482
T23	482	486
T31	486	488
T17	488	492
T41	492	496
T13	496	497
T32	497	501
T42	501	505
T6	505	509
T14	509	513
T8	513	517
T24	517	521
T34	521	525
T43	525	529
T44	529	533
T15	533	537
T35	537	541
T45	541	545
T25	545	549
T36	549	553
T18	553	557
T19	557	561
T46	561	565
T37	565	569
T7	569	573
T11	573	577
T47	577	581
T38	581	585
T21	585	589
T28	589	593
T48	593	597
T39	597	601
T49	601	605
T29	605	609
T9	609	613
T30	613	617
T40	617	621
T22	621	625
T50	625	629
T23	629	630
T17	630	634
T41	634	638
T32	638	642
T42	642	646
T6	646	650
T14	650	654
T8	654	658
T24	658	662
T34	662	666
T43	666	670
T44	670	674
T15	674	678
T35	678	682
T45	682	686
T25	686	690
T36	690	694
T18	694	698
T19	698	702
T46	702	706
T37	706	710
T7	710	711
T11	711	715
T47	715	719
T38	719	723
T21	723	727
T28	727	731
T48	731	735
T39	735	739
T49	739	743
T29	743	747
T9	747	751
T30	751	755
T40	755	759
T22	759	763
T50	763	767
T17	767	768
T41	768	772
T42	772	776
T6	776	779
T14	779	783
T8	783	787
T24	787	791
T34	791	795
T43	795	799
T44	799	803
T15	803	807
T35	807	811
T45	811	815
T25	815	819
T36	819	823
T18	823	827
T19	827	829
T46	829	833
T37	833	837
T11	837	841
T47	841	845
T38	845	849
T21	849	852
T28	852	856
T48	856	860
T39	860	861
T49	861	865
T29	865	869
T30	869	873
T40	873	877
T22	877	881
T50	881	885
T41	885	889
T42	889	893
T14	893	897
T8	897	901
T24	901	905
T34	905	909
T43	909	913
T44	913	915
T15	915	919
T35	919	923
T45	923	927
T25	927	931
T36	931	935
T46	935	939
T37	939	943
T47	943	947
T38	947	951
T28	951	955
T48	955	959
T49	959	963
T29	963	967
T30	967	971
T40	971	975
T22	975	979
T50	979	983
T41	983	987
T42	987	991
T8	991	994
T24	994	997
T34	997	1001
T43	1001	1005
T15	1005	1009
T35	1009	1013
T45	1013	1017
T25	1017	1021
T36	1021	1025
T46	1025	1029
T37	1029	1033
T47	1033	1037
T38	1037	1041
T28	1041	1045
T48	1045	1049
T49	1049	1053
T30	1053	1057
T40	1057	1061
T22	1061	1065
T50	1065	1066
T41	1066	1070
T42	1070	1074
T34	1074	1078
T43	1078	1082
T15	1082	1086
T35	1086	1089
T45	1089	1093
T25	1093	1097
T36	1097	1101
T46	1101	1105
T37	1105	1109
T47	1109	1113
T38	1113	1117
T28	1117	1121
T49	1121	1125
T30	1125	1129
T40	1129	1133
T22	1133	1137
T41	1137	1141
T42	1141	1144
T34	1144	1147
T43	1147	1151
T15	1151	1155
T45	1155	1159
T25	1159	1163
T36	1163	1167
T46	1167	1171
T37	1171	1175
T47	1175	1179
T38	1179	1183
T28	1183	1187
T49	1187	1191
T30	1191	1195
T40	1195	1199
T41	1199	1202
T43	1202	1206
T15	1206	1207
T45	1207	1211
T25	1211	1215
T36	1215	1219
T46	1219	1223
T37	1223	1227
T47	1227	1231
T38	1231	1235
T49	1235	1239
T30	1239	1243
T40	1243	1247
T43	1247	1251
T45	1251	1255
T25	1255	1259
T36	1259	1263
T46	1263	1267
T37	1267	1269
T47	1269	1272
T38	1272	1276
T49	1276	1280
T30	1280	1282
T40	1282	1286
T43	1286	1290
T45	1290	1292
T25	1292	1294
T46	1294	1298
T38	1298	1302
T49	1302	1306
T40	1306	1310
T43	1310	1311
T46	1311	1315
T38	1315	1318
T49	1318	1322
T40	1322	1326
T46	1326	1327
T49	1327	1329
T40	1329	1330
Waiting Time T1: 0
Waiting Time T2: 4
Waiting Time T3: 3
Waiting Time T4: 95
Waiting Time T5: 191
Waiting Time T6: 684
Waiting Time T7: 611
Waiting Time T8: 867
Waiting Time T9: 622
Waiting Time T10: 117
Waiting Time T11: 700
Waiting Time T12: 220
Waiting Time T13: 360
Waiting Time T14: 741
Waiting Time T15: 1035
Waiting Time T16: 287
Waiting Time T17: 591
Waiting Time T18: 628
Waiting Time T19: 629
Waiting Time T20: 130
Waiting Time T21: 639
Waiting Time T22: 899
Waiting Time T23: 412
Waiting Time T24: 748
Waiting Time T25: 1021
Waiting Time T26: 74
Waiting Time T27: 189
Waiting Time T28: 893
Waiting Time T29: 684
Waiting Time T30: 971
Waiting Time T31: 207
Waiting Time T32: 344
Waiting Time T33: 98
Waiting Time T34: 814
Waiting Time T35: 758
Waiting Time T36: 916
Waiting Time T37: 916
Waiting Time T38: 942
Waiting Time T39: 500
Waiting Time T40: 920
Waiting Time T41: 794
Waiting Time T42: 731
Waiting Time T43: 865
Waiting Time T44: 495
Waiting Time T45: 838
Waiting Time T46: 853
Waiting Time T47: 793
Waiting Time T48: 570
Waiting Time T49: 819
Waiting Time T50: 564
Average Waiting Time: 575.64

NSJF:
T1	7	11
T2	14	20
T3	20	70
T4	70	85
T5	85	107
T10	107	118
T12	118	132
T13	132	149
T16	149	163
T17	163	184
T20	184	190
T19	190	212
T23	212	225
T21	225	248
T26	248	252
T18	252	276
T31	276	282
T27	282	290
T32	290	302
T33	302	304
T29	304	328
T24	328	355
T39	355	368
T35	368	395
T42	395	422
T44	422	436
T34	436	467
T48	467	487
T50	487	504
T41	504	535
T9	535	567
T11	567	599
T14	599	631
T7	631	664
T47	664	699
T22	699	735
T28	735	771
T37	771	809
T45	809	847
T6	847	886
T36	886	926
T43	926	967
T30	967	1009
T8	1009	1052
T15	1052	1097
T46	1097	1142
T25	1142	1188
T49	1188	1234
T38	1234	1281
T40	1281	1330
Waiting Time T1: 0
Waiting Time T2: 0
Waiting Time T3: 3
Waiting Time T4: 39
Waiting Time T5: 40
Waiting Time T6: 791
Waiting Time T7: 564
Waiting Time T8: 925
Waiting Time T9: 438
Waiting Time T10: 3
Waiting Time T11: 458
Waiting Time T12: 2
Waiting Time T13: 12
Waiting Time T14: 475
Waiting Time T15: 925
Waiting Time T16: 4
Waiting Time T17: 7
Waiting Time T18: 77
Waiting Time T19: 12
Waiting Time T20: 4
Waiting Time T21: 35
Waiting Time T22: 497
Waiting Time T23: 7
Waiting Time T24: 106
Waiting Time T25: 915
Waiting Time T26: 2
Waiting Time T27: 29
Waiting Time T28: 477
Waiting Time T29: 45
Waiting Time T30: 698
Waiting Time T31: 1
Waiting Time T32: 4
Waiting Time T33: 10
Waiting Time T34: 134
Waiting Time T35: 64
Waiting Time T36: 579
Waiting Time T37: 456
Waiting Time T38: 905
Waiting Time T39: 7
Waiting Time T40: 920
Waiting Time T41: 127
Waiting Time T42: 9
Waiting Time T43: 521
Waiting Time T44: 16
Waiting Time T45: 393
Waiting Time T46: 668
Waiting Time T47: 220
Waiting Time T48: 8
Waiting Time T49: 724
Waiting Time T50: 2
Average Waiting Time: 267.16

PSJF:
T1	7	11
T2	14	20
T3	20	31
T4	31	46
T5	46	68
T7	68	101
T9	101	104
T10	104	115
T9	115	116
T12	116	130
T13	130	147
T16	147	161
T17	161	182
T20	182	188
T19	188	210
T23	210	223
T21	223	246
T26	246	250
T18	250	253
T27	253	261
T18	261	275
T31	275	281
T18	281	288
T32	288	292
T33	292	294
T32	294	302
T29	302	326
T24	326	353
T39	353	366
T35	366	393
T42	393	420
T44	420	434
T9	434	462
T48	462	482
T34	482	485
T50	485	502
T34	502	530
T41	530	561
T11	561	593
T14	593	625
T47	625	660
T22	660	696
T28	696	732
T37	732	770
T45	770	808
T3	808	847
T6	847	886
T36	886	926
T43	926	967
T30	967	1009
T8	1009	1052
T15	1052	1097
T46	1097	1142
T25	1142	1188
T49	1188	1234
T38	1234	1281
T40	1281	1330
Waiting Time T1: 0
Waiting Time T2: 0
Waiting Time T3: 780
Waiting Time T4: 0
Waiting Time T5: 1
Waiting Time T6: 791
Waiting Time T7: 1
Waiting Time T8: 925
Waiting Time T9: 333
Waiting Time T10: 0
Waiting Time T11: 452
Waiting Time T12: 0
Waiting Time T13: 10
Waiting Time T14: 469
Waiting Time T15: 925
Waiting Time T16: 2
Waiting Time T17: 5
Waiting Time T18: 89
Waiting Time T19: 10
Waiting Time T20: 2
Waiting Time T21: 33
Waiting Time T22: 458
Waiting Time T23: 5
Waiting Time T24: 104
Waiting Time T25: 915
Waiting Time T26: 0
Waiting Time T27: 0
Waiting Time T28: 438
Waiting Time T29: 43
Waiting Time T30: 698
Waiting Time T31: 0
Waiting Time T32: 4
Waiting Time T33: 0
Waiting Time T34: 197
Waiting Time T35: 62
Waiting Time T36: 579
Waiting Time T37: 417
Waiting Time T38: 905
Waiting Time T39: 5
Waiting Time T40: 920
Waiting Time T41: 153
Waiting Time T42: 7
Waiting Time T43: 521
Waiting Time T44: 14
Waiting Time T45: 354
Waiting Time T46: 668
Waiting Time T47: 181
Waiting Time T48: 3
Waiting Time T49: 724
Waiting Time T50: 0
Average Waiting Time: 264.06
