FCFS:
T1	18	34
T2	36	60
T3	60	84
T4	84	100
T5	100	132
T6	132	147
T7	147	148
T8	148	152
T9	152	179
T10	179	186
T11	186	216
T12	216	237
T13	237	257
T14	257	282
T15	282	287
T16	287	316
T17	316	317
T18	317	338
T19	338	347
T20	347	365
T21	365	380
T22	380	406
T23	406	408
T24	408	442
T25	442	461
T26	461	471
T27	471	492
T28	492	497
T29	497	530
T30	530	544
T31	544	572
T32	572	574
T33	574	595
T34	595	621
T35	621	645
T36	645	656
T37	656	683
T38	683	710
T39	710	712
T40	712	731
T41	731	757
T42	757	776
T43	776	785
T44	785	814
T45	814	836
T46	836	844
T47	844	874
T48	874	878
T49	878	883
T50	883	904
Waiting Time T1: 0
Waiting Time T2: 0
Waiting Time T3: 23
Waiting Time T4: 23
Waiting Time T5: 37
Waiting Time T6: 62
Waiting Time T7: 61
Waiting Time T8: 49
Waiting Time T9: 33
Waiting Time T10: 48
Waiting Time T11: 42
Waiting Time T12: 62
Waiting Time T13: 72
Waiting Time T14: 88
Waiting Time T15: 89
Waiting Time T16: 88
Waiting Time T17: 89
Waiting Time T18: 83
Waiting Time T19: 100
Waiting Time T20: 104
Waiting Time T21: 113
Waiting Time T22: 121
Waiting Time T23: 134
Waiting Time T24: 114
Waiting Time T25: 133
Waiting Time T26: 145
Waiting Time T27: 137
Waiting Time T28: 134
Waiting Time T29: 127
Waiting Time T30: 151
Waiting Time T31: 157
Waiting Time T32: 180
Waiting Time T33: 175
Waiting Time T34: 191
Waiting Time T35: 215
Waiting Time T36: 224
Waiting Time T37: 222
Waiting Time T38: 237
Waiting Time T39: 238
Waiting Time T40: 227
Waiting Time T41: 217
Waiting Time T42: 239
Waiting Time T43: 237
Waiting Time T44: 237
Waiting Time T45: 252
Waiting Time T46: 266
Waiting Time T47: 272
Waiting Time T48: 279
Waiting Time T49: 281
Waiting Time T50: 265
Average Waiting Time: 141.46

RR:
T1	18	34
T2	36	40
T3	40	44
T2	44	48
T3	48	52
T2	52	56
T3	56	60
T2	60	64
T3	64	68
T4	68	72
T5	72	76
T2	76	80
T3	80	84
T6	84	88
T4	88	92
T5	92	96
T2	96	100
T3	100	104
T7	104	105
T6	105	109
T4	109	113
T5	113	117
T8	117	121
T6	121	125
T4	125	129
T5	129	133
T9	133	137
T6	137	140
T10	140	144
T5	144	148
T9	148	152
T11	152	156
T10	156	159
T5	159	163
T9	163	167
T12	167	171
T11	171	175
T5	175	179
T13	179	183
T9	183	187
T14	187	191
T12	191	195
T11	195	199
T5	199	203
T13	203	207
T9	207	211
T14	211	215
T15	215	219
T12	219	223
T16	223	227
T11	227	231
T13	231	235
T9	235	239
T14	239	243
T15	243	244
T12	244	248
T17	248	249
T16	249	253
T11	253	257
T18	257	261
T13	261	265
T19	265	269
T9	269	272
T20	272	276
T14	276	280
T12	280	284
T21	284	288
T16	288	292
T11	292	296
T22	296	300
T18	300	304
T13	304	308
T19	308	312
T23	312	314
T20	314	318
T14	318	322
T12	322	323
T21	323	327
T16	327	331
T24	331	335
T11	335	339
T22	339	343
T18	343	347
T25	347	351
T19	351	352
T26	352	356
T20	356	360
T14	360	364
T21	364	368
T16	368	372
T27	372	376
T24	376	380
T11	380	382
T22	382	386
T18	386	390
T25	390	394
T26	394	398
T28	398	402
T20	402	406
T14	406	407
T21	407	410
T29	410	414
T16	414	418
T27	418	422
T30	422	426
T24	426	430
T22	430	434
T31	434	438
T18	438	442
T32	442	444
T25	444	448
T26	448	450
T33	450	454
T28	454	455
T34	455	459
T35	459	463
T20	463	465
T29	465	469
T16	469	473
T36	473	477
T27	477	481
T30	481	485
T24	485	489
T37	489	493
T22	493	497
T31	497	501
T18	501	502
T38	502	506
T25	506	510
T33	510	514
T34	514	518
T35	518	522
T29	522	526
T39	526	528
T16	528	529
T36	529	533
T27	533	537
T40	537	541
T30	541	545
T24	545	549
T37	549	553
T22	553	557
T31	557	561
T38	561	565
T25	565	568
T41	568	572
T33	572	576
T42	576	580
T34	580	584
T35	584	588
T29	588	592
T36	592	595
T27	595	599
T43	599	603
T40	603	607
T30	607	609
T44	609	613
T24	613	617
T37	617	621
T22	621	623
T31	623	627
T45	627	631
T38	631	635
T46	635	639
T47	639	643
T41	643	647
T33	647	651
T42	651	655
T34	655	659
T35	659	663
T29	663	667
T48	667	671
T49	671	675
T27	675	676
T43	676	680
T40	680	684
T44	684	688
T24	688	692
T50	692	696
T37	696	700
T31	700	704
T45	704	708
T38	708	712
T46	712	716
T47	716	720
T41	720	724
T33	724	728
T42	728	732
T34	732	736
T35	736	740
T29	740	744
T49	744	745
T43	745	746
T40	746	750
T44	750	754
T24	754	758
T50	758	762
T37	762	766
T31	766	770
T45	770	774
T38	774	778
T47	778	782
T41	782	786
T33	786	787
T42	787	791
T34	791	795
T35	795	799
T29	799	803
T40	803	806
T44	806	810
T24	810	812
T50	812	816
T37	816	820
T31	820	824
T45	824	828
T38	828	832
T47	832	836
T41	836	840
T42	840	843
T34	843	845
T29	845	849
T44	849	853
T50	853	857
T37	857	860
T45	860	864
T38	864	867
T47	867	871
T41	871	875
T29	875	876
T44	876	880
T50	880	884
T45	884	886
T47	886	890
T41	890	892
T44	892	896
T50	896	897
T47	897	901
T44	901	902
T47	902	904
Waiting Time T1: 0
Waiting Time T2: 40
Waiting Time T3: 43
Waiting Time T4: 52
Waiting Time T5: 108
Waiting Time T6: 55
Waiting Time T7: 18
Waiting Time T8: 18
Waiting Time T9: 126
Waiting Time T10: 21
Waiting Time T11: 208
Waiting Time T12: 148
Waiting Time T13: 123
Waiting Time T14: 213
Waiting Time T15: 46
Waiting Time T16: 301
Waiting Time T17: 21
Waiting Time T18: 247
Waiting Time T19: 105
Waiting Time T20: 204
Waiting Time T21: 143
Waiting Time T22: 338
Waiting Time T23: 40
Waiting Time T24: 484
Waiting Time T25: 240
Waiting Time T26: 124
Waiting Time T27: 321
Waiting Time T28: 92
Waiting Time T29: 473
Waiting Time T30: 216
Waiting Time T31: 409
Waiting Time T32: 50
Waiting Time T33: 367
Waiting Time T34: 415
Waiting Time T35: 369
Waiting Time T36: 163
Waiting Time T37: 399
Waiting Time T38: 394
Waiting Time T39: 54
Waiting Time T40: 302
Waiting Time T41: 352
Waiting Time T42: 306
Waiting Time T43: 198
Waiting Time T44: 325
Waiting Time T45: 302
Waiting Time T46: 138
Waiting Time T47: 302
Waiting Time T48: 72
Waiting Time T49: 143
Waiting Time T50: 258
Average Waiting Time: 197.72

NSJF:
T1	18	34
T2	36	60
T3	60	84
T6	84	99
T7	99	100
T8	100	104
T4	104	120
T9	120	147
T10	147	154
T12	154	175
T13	175	195
T15	195	200
T14	200	225
T16	225	254
T17	254	255
T19	255	264
T21	264	279
T23	279	281
T20	281	299
T18	299	320
T26	320	330
T25	330	349
T27	349	370
T28	370	375
T22	375	401
T32	401	403
T30	403	417
T33	417	438
T36	438	449
T35	449	473
T39	473	475
T34	475	501
T40	501	520
T42	520	539
T43	539	548
T41	548	574
T46	574	582
T45	582	604
T48	604	608
T49	608	613
T37	613	640
T50	640	661
T38	661	688
T31	688	716
T44	716	745
T11	745	775
T47	775	805
T5	805	837
T29	837	870
T24	870	904
Waiting Time T1: 0
Waiting Time T2: 0
Waiting Time T3: 23
Waiting Time T4: 43
Waiting Time T5: 742
Waiting Time T6: 14
Waiting Time T7: 13
Waiting Time T8: 1
Waiting Time T9: 1
Waiting Time T10: 16
Waiting Time T11: 601
Waiting Time T12: 0
Waiting Time T13: 10
Waiting Time T14: 31
Waiting Time T15: 2
Waiting Time T16: 26
Waiting Time T17: 27
Waiting Time T18: 65
Waiting Time T19: 17
Waiting Time T20: 38
Waiting Time T21: 12
Waiting Time T22: 116
Waiting Time T23: 7
Waiting Time T24: 576
Waiting Time T25: 21
Waiting Time T26: 4
Waiting Time T27: 15
Waiting Time T28: 12
Waiting Time T29: 467
Waiting Time T30: 24
Waiting Time T31: 301
Waiting Time T32: 9
Waiting Time T33: 18
Waiting Time T34: 71
Waiting Time T35: 43
Waiting Time T36: 17
Waiting Time T37: 179
Waiting Time T38: 215
Waiting Time T39: 1
Waiting Time T40: 16
Waiting Time T41: 34
Waiting Time T42: 2
Waiting Time T43: 0
Waiting Time T44: 168
Waiting Time T45: 20
Waiting Time T46: 4
Waiting Time T47: 203
Waiting Time T48: 9
Waiting Time T49: 11
Waiting Time T50: 22
Average Waiting Time: 85.34

PSJF:
T1	18	34
T2	36	60
T3	60	61
T4	61	77
T6	77	86
T7	86	87
T6	87	93
T3	93	99
T8	99	103
T3	103	120
T9	120	131
T10	131	138
T9	138	154
T12	154	175
T13	175	195
T15	195	200
T14	200	225
T16	225	227
T17	227	228
T16	228	238
T19	238	247
T16	247	264
T21	264	272
T23	272	274
T21	274	281
T20	281	299
T18	299	320
T26	320	330
T25	330	349
T27	349	358
T28	358	363
T27	363	375
T22	375	379
T30	379	393
T32	393	395
T22	395	417
T33	417	421
T36	421	432
T33	432	449
T35	449	473
T39	473	475
T34	475	501
T40	501	520
T42	520	539
T43	539	548
T41	548	574
T46	574	582
T45	582	595
T48	595	599
T49	599	604
T45	604	613
T37	613	618
T50	618	639
T37	639	661
T38	661	688
T31	688	716
T44	716	745
T11	745	775
T47	775	805
T5	805	837
T29	837	870
T24	870	904
Waiting Time T1: 0
Waiting Time T2: 0
Waiting Time T3: 59
Waiting Time T4: 0
Waiting Time T5: 742
Waiting Time T6: 8
Waiting Time T7: 0
Waiting Time T8: 0
Waiting Time T9: 8
Waiting Time T10: 0
Waiting Time T11: 601
Waiting Time T12: 0
Waiting Time T13: 10
Waiting Time T14: 31
Waiting Time T15: 2
Waiting Time T16: 36
Waiting Time T17: 0
Waiting Time T18: 65
Waiting Time T19: 0
Waiting Time T20: 38
Waiting Time T21: 14
Waiting Time T22: 132
Waiting Time T23: 0
Waiting Time T24: 576
Waiting Time T25: 21
Waiting Time T26: 4
Waiting Time T27: 20
Waiting Time T28: 0
Waiting Time T29: 467
Waiting Time T30: 0
Waiting Time T31: 301
Waiting Time T32: 1
Waiting Time T33: 29
Waiting Time T34: 71
Waiting Time T35: 43
Waiting Time T36: 0
Waiting Time T37: 200
Waiting Time T38: 215
Waiting Time T39: 1
Waiting Time T40: 16
Waiting Time T41: 34
Waiting Time T42: 2
Waiting Time T43: 0
Waiting Time T44: 168
Waiting Time T45: 29
Waiting Time T46: 4
Waiting Time T47: 203
Waiting Time T48: 0
Waiting Time T49: 2
Waiting Time T50: 0
Average Waiting Time: 83.06
