FCFS:
T1	4	40
T2	40	70
T3	70	92
T4	92	95
T5	95	128
T6	128	167
T7	167	201
T8	201	239
T9	239	242
T10	242	264
T11	264	293
T12	293	296
T13	296	297
T14	297	315
T15	315	348
T16	348	358
T17	358	369
T18	369	376
T19	376	401
T20	401	432
T21	432	468
T22	468	481
T23	481	499
T24	499	534
T25	534	556
T26	556	566
T27	566	569
T28	569	586
T29	586	588
T30	588	624
T31	624	649
T32	649	675
T33	675	705
T34	705	735
T35	735	768
T36	768	777
T37	777	797
T38	797	821
T39	821	842
T40	842	860
T41	860	886
T42	886	915
T43	915	953
T44	953	968
T45	968	974
T46	974	1007
T47	1007	1019
T48	1019	1021
T49	1021	1039
T50	1039	1069
Waiting Time T1: 0
Waiting Time T2: 28
Waiting Time T3: 40
Waiting Time T4: 52
Waiting Time T5: 51
Waiting Time T6: 68
Waiting Time T7: 90
Waiting Time T8: 122
Waiting Time T9: 157
Waiting Time T10: 145
Waiting Time T11: 146
Waiting Time T12: 159
Waiting Time T13: 139
Waiting Time T14: 129
Waiting Time T15: 128
Waiting Time T16: 159
Waiting Time T17: 151
Waiting Time T18: 143
Waiting Time T19: 132
Waiting Time T20: 153
Waiting Time T21: 164
Waiting Time T22: 182
Waiting Time T23: 186
Waiting Time T24: 203
Waiting Time T25: 219
Waiting Time T26: 233
Waiting Time T27: 233
Waiting Time T28: 214
Waiting Time T29: 215
Waiting Time T30: 201
Waiting Time T31: 236
Waiting Time T32: 248
Waiting Time T33: 252
Waiting Time T34: 270
Waiting Time T35: 287
Waiting Time T36: 296
Waiting Time T37: 304
Waiting Time T38: 313
Waiting Time T39: 335
Waiting Time T40: 342
Waiting Time T41: 355
Waiting Time T42: 363
Waiting Time T43: 383
Waiting Time T44: 419
Waiting Time T45: 426
Waiting Time T46: 409
Waiting Time T47: 428
Waiting Time T48: 417
Waiting Time T49: 396
Waiting Time T50: 407
Average Waiting Time: 222.56

RR:
T1	4	40
T2	40	44
T3	44	48
T4	48	51
T5	51	55
T2	55	59
T3	59	63
T5	63	67
T2	67	71
T6	71	75
T3	75	79
T5	79	83
T2	83	87
T6	87	91
T7	91	95
T8	95	99
T3	99	103
T9	103	106
T5	106	110
T2	110	114
T6	114	118
T7	118	122
T10	122	126
T8	126	130
T3	130	134
T5	134	138
T2	138	142
T11	142	146
T6	146	150
T7	150	154
T10	154	158
T8	158	162
T12	162	165
T3	165	167
T5	167	171
T2	171	175
T11	175	179
T6	179	183
T7	183	187
T13	187	188
T10	188	192
T8	192	196
T14	196	200
T5	200	204
T2	204	206
T11	206	210
T6	210	214
T15	214	218
T7	218	222
T16	222	226
T10	226	230
T8	230	234
T14	234	238
T5	238	242
T17	242	246
T11	246	250
T6	250	254
T15	254	258
T7	258	262
T18	262	266
T16	266	270
T10	270	274
T8	274	278
T14	278	282
T5	282	283
T19	283	287
T17	287	291
T20	291	295
T11	295	299
T6	299	303
T15	303	307
T7	307	311
T18	311	314
T21	314	318
T16	318	320
T10	320	322
T8	322	326
T14	326	330
T22	330	334
T19	334	338
T17	338	341
T23	341	345
T20	345	349
T24	349	353
T11	353	357
T6	357	361
T15	361	365
T7	365	369
T25	369	373
T21	373	377
T26	377	381
T8	381	385
T14	385	387
T27	387	390
T22	390	394
T19	394	398
T23	398	402
T20	402	406
T24	406	410
T28	410	414
T11	414	418
T6	418	421
T15	421	425
T7	425	427
T29	427	429
T25	429	433
T21	433	437
T26	437	441
T8	441	445
T30	445	449
T31	449	453
T22	453	457
T19	457	461
T32	461	465
T23	465	469
T20	469	473
T24	473	477
T28	477	481
T11	481	482
T33	482	486
T15	486	490
T25	490	494
T34	494	498
T21	498	502
T26	502	504
T8	504	506
T35	506	510
T30	510	514
T31	514	518
T22	518	519
T19	519	523
T32	523	527
T23	527	531
T36	531	535
T37	535	539
T20	539	543
T24	543	547
T28	547	551
T38	551	555
T39	555	559
T33	559	563
T15	563	567
T25	567	571
T34	571	575
T40	575	579
T21	579	583
T41	583	587
T35	587	591
T30	591	595
T31	595	599
T42	599	603
T19	603	607
T32	607	611
T23	611	613
T43	613	617
T44	617	621
T36	621	625
T37	625	629
T45	629	633
T20	633	637
T24	637	641
T28	641	645
T38	645	649
T39	649	653
T33	653	657
T46	657	661
T15	661	665
T25	665	669
T34	669	673
T47	673	677
T40	677	681
T21	681	685
T41	685	689
T35	689	693
T30	693	697
T31	697	701
T48	701	703
T42	703	707
T19	707	708
T32	708	712
T43	712	716
T44	716	720
T49	720	724
T36	724	725
T37	725	729
T50	729	733
T45	733	735
T20	735	739
T24	739	743
T28	743	744
T38	744	748
T39	748	752
T33	752	756
T46	756	760
T15	760	761
T25	761	763
T34	763	767
T47	767	771
T40	771	775
T21	775	779
T41	779	783
T35	783	787
T30	787	791
T31	791	795
T42	795	799
T32	799	803
T43	803	807
T44	807	811
T49	811	815
T37	815	819
T50	819	823
T20	823	826
T24	826	830
T38	830	834
T39	834	838
T33	838	842
T46	842	846
T34	846	850
T47	850	854
T40	854	858
T21	858	862
T41	862	866
T35	866	870
T30	870	874
T31	874	878
T42	878	882
T32	882	886
T43	886	890
T44	890	893
T49	893	897
T37	897	901
T50	901	905
T24	905	909
T38	909	913
T39	913	917
T33	917	921
T46	921	925
T34	925	929
T40	929	931
T21	931	935
T41	935	939
T35	939	943
T30	943	947
T31	947	948
T42	948	952
T32	952	954
T43	954	958
T49	958	962
T50	962	966
T24	966	969
T38	969	973
T39	973	974
T33	974	978
T46	978	982
T34	982	986
T41	986	990
T35	990	994
T30	994	998
T42	998	1002
T43	1002	1006
T49	1006	1008
T50	1008	1012
T33	1012	1014
T46	1014	1018
T34	1018	1020
T41	1020	1022
T35	1022	1026
T30	1026	1030
T42	1030	1034
T43	1034	1038
T50	1038	1042
T46	1042	1046
T35	1046	1047
T42	1047	1048
T43	1048	1052
T50	1052	1056
T46	1056	1060
T43	1060	1064
T50	1064	1066
T46	1066	1067
T43	1067	1069
Waiting Time T1: 0
Waiting Time T2: 164
Waiting Time T3: 115
Waiting Time T4: 8
Waiting Time T5: 206
Waiting Time T6: 322
Waiting Time T7: 316
Waiting Time T8: 389
Waiting Time T9: 21
Waiting Time T10: 203
Waiting Time T11: 335
Waiting Time T12: 28
Waiting Time T13: 30
Waiting Time T14: 201
Waiting Time T15: 541
Waiting Time T16: 121
Waiting Time T17: 123
Waiting Time T18: 81
Waiting Time T19: 439
Waiting Time T20: 547
Waiting Time T21: 631
Waiting Time T22: 220
Waiting Time T23: 300
Waiting Time T24: 638
Waiting Time T25: 426
Waiting Time T26: 171
Waiting Time T27: 54
Waiting Time T28: 372
Waiting Time T29: 56
Waiting Time T30: 607
Waiting Time T31: 535
Waiting Time T32: 527
Waiting Time T33: 561
Waiting Time T34: 555
Waiting Time T35: 566
Waiting Time T36: 244
Waiting Time T37: 408
Waiting Time T38: 465
Waiting Time T39: 467
Waiting Time T40: 413
Waiting Time T41: 491
Waiting Time T42: 496
Waiting Time T43: 499
Waiting Time T44: 344
Waiting Time T45: 187
Waiting Time T46: 469
Waiting Time T47: 263
Waiting Time T48: 99
Waiting Time T49: 365
Waiting Time T50: 404
Average Waiting Time: 320.46

NSJF:
T1	4	40
T4	40	43
T3	43	65
T2	65	95
T9	95	98
T10	98	120
T11	120	149
T12	149	152
T5	152	185
T13	185	186
T14	186	204
T16	204	214
T17	214	225
T15	225	258
T18	258	265
T19	265	290
T22	290	303
T23	303	321
T25	321	343
T27	343	346
T26	346	356
T28	356	373
T29	373	375
T20	375	406
T31	406	431
T32	431	457
T33	457	487
T36	487	496
T37	496	516
T40	516	534
T44	534	549
T45	549	555
T39	555	576
T38	576	600
T47	600	612
T48	612	614
T41	614	640
T49	640	658
T42	658	687
T34	687	717
T50	717	747
T35	747	780
T46	780	813
T7	813	847
T24	847	882
T21	882	918
T30	918	954
T8	954	992
T43	992	1030
T6	1030	1069
Waiting Time T1: 0
Waiting Time T2: 53
Waiting Time T3: 13
Waiting Time T4: 0
Waiting Time T5: 108
Waiting Time T6: 970
Waiting Time T7: 736
Waiting Time T8: 875
Waiting Time T9: 13
Waiting Time T10: 1
Waiting Time T11: 2
Waiting Time T12: 15
Waiting Time T13: 28
Waiting Time T14: 18
Waiting Time T15: 38
Waiting Time T16: 15
Waiting Time T17: 7
Waiting Time T18: 32
Waiting Time T19: 21
Waiting Time T20: 127
Waiting Time T21: 614
Waiting Time T22: 4
Waiting Time T23: 8
Waiting Time T24: 551
Waiting Time T25: 6
Waiting Time T26: 23
Waiting Time T27: 10
Waiting Time T28: 1
Waiting Time T29: 2
Waiting Time T30: 531
Waiting Time T31: 18
Waiting Time T32: 30
Waiting Time T33: 34
Waiting Time T34: 252
Waiting Time T35: 299
Waiting Time T36: 15
Waiting Time T37: 23
Waiting Time T38: 92
Waiting Time T39: 69
Waiting Time T40: 16
Waiting Time T41: 109
Waiting Time T42: 135
Waiting Time T43: 460
Waiting Time T44: 0
Waiting Time T45: 7
Waiting Time T46: 215
Waiting Time T47: 21
Waiting Time T48: 10
Waiting Time T49: 15
Waiting Time T50: 85
Average Waiting Time: 134.54

PSJF:
T1	4	40
T4	40	43
T3	43	65
T2	65	82
T9	82	85
T2	85	98
T10	98	120
T11	120	134
T12	134	137
T11	137	152
T5	152	157
T13	157	158
T5	158	186
T14	186	189
T16	189	199
T14	199	214
T17	214	225
T15	225	226
T18	226	233
T15	233	265
T19	265	290
T22	290	303
T23	303	321
T25	321	323
T26	323	333
T27	333	336
T25	336	356
T28	356	373
T29	373	375
T20	375	406
T31	406	431
T32	431	457
T33	457	472
T36	472	481
T33	481	496
T37	496	516
T40	516	534
T44	534	542
T45	542	548
T44	548	555
T39	555	576
T38	576	579
T47	579	591
T38	591	602
T48	602	604
T38	604	614
T41	614	640
T49	640	658
T42	658	687
T34	687	717
T50	717	747
T35	747	780
T46	780	813
T7	813	847
T24	847	882
T21	882	918
T30	918	954
T8	954	992
T43	992	1030
T6	1030	1069
Waiting Time T1: 0
Waiting Time T2: 56
Waiting Time T3: 13
Waiting Time T4: 0
Waiting Time T5: 109
Waiting Time T6: 970
Waiting Time T7: 736
Waiting Time T8: 875
Waiting Time T9: 0
Waiting Time T10: 1
Waiting Time T11: 5
Waiting Time T12: 0
Waiting Time T13: 0
Waiting Time T14: 28
Waiting Time T15: 45
Waiting Time T16: 0
Waiting Time T17: 7
Waiting Time T18: 0
Waiting Time T19: 21
Waiting Time T20: 127
Waiting Time T21: 614
Waiting Time T22: 4
Waiting Time T23: 8
Waiting Time T24: 551
Waiting Time T25: 19
Waiting Time T26: 0
Waiting Time T27: 0
Waiting Time T28: 1
Waiting Time T29: 2
Waiting Time T30: 531
Waiting Time T31: 18
Waiting Time T32: 30
Waiting Time T33: 43
Waiting Time T34: 252
Waiting Time T35: 299
Waiting Time T36: 0
Waiting Time T37: 23
Waiting Time T38: 106
Waiting Time T39: 69
Waiting Time T40: 16
Waiting Time T41: 109
Waiting Time T42: 135
Waiting Time T43: 460
Waiting Time T44: 6
Waiting Time T45: 0
Waiting Time T46: 215
Waiting Time T47: 0
Waiting Time T48: 0
Waiting Time T49: 15
Waiting Time T50: 85
Average Waiting Time: 132.08
