FCFS:
T1	14	29
T2	38	52
T3	52	86
T4	86	94
T5	94	121
T6	121	138
T7	138	159
T8	159	166
T9	166	167
T10	169	206
T11	206	212
T12	212	218
T13	218	248
T14	248	261
T15	261	275
T16	280	306
T17	306	340
T18	340	352
T19	352	387
T20	387	422
T21	422	464
T22	464	475
T23	475	481
T24	481	501
T25	501	527
T26	527	552
T27	552	567
T28	567	572
T29	572	580
T30	580	609
T31	609	648
T32	648	680
T33	680	693
T34	693	711
T35	711	732
T36	732	734
T37	734	773
T38	773	797
T39	797	813
T40	813	849
T41	849	873
T42	873	881
T43	881	917
T44	917	957
T45	957	981
T46	981	1011
T47	1011	1029
T48	1029	1071
T49	1071	1102
T50	1102	1114
Waiting Time T1: 0
Waiting Time T2: 0
Waiting Time T3: 6
Waiting Time T4: 16
Waiting Time T5: 7
Waiting Time T6: 17
Waiting Time T7: 11
Waiting Time T8: 9
Waiting Time T9: 4
Waiting Time T10: 0
Waiting Time T11: 26
Waiting Time T12: 16
Waiting Time T13: 6
Waiting Time T14: 12
Waiting Time T15: 6
Waiting Time T16: 0
Waiting Time T17: 1
Waiting Time T18: 14
Waiting Time T19: 0
Waiting Time T20: 29
Waiting Time T21: 39
Waiting Time T22: 69
Waiting Time T23: 55
Waiting Time T24: 39
Waiting Time T25: 43
Waiting Time T26: 65
Waiting Time T27: 76
Waiting Time T28: 69
Waiting Time T29: 53
Waiting Time T30: 38
Waiting Time T31: 41
Waiting Time T32: 64
Waiting Time T33: 83
Waiting Time T34: 85
Waiting Time T35: 102
Waiting Time T36: 104
Waiting Time T37: 93
Waiting Time T38: 118
Waiting Time T39: 129
Waiting Time T40: 138
Waiting Time T41: 159
Waiting Time T42: 163
Waiting Time T43: 154
Waiting Time T44: 177
Waiting Time T45: 204
Waiting Time T46: 210
Waiting Time T47: 221
Waiting Time T48: 225
Waiting Time T49: 266
Waiting Time T50: 284
Average Waiting Time: 74.92

RR:
T1	14	29
T2	38	52
T3	52	86
T4	86	90
T5	90	94
T4	94	98
T5	98	121
T6	121	138
T7	138	159
T8	159	163
T9	163	164
T8	164	167
T10	169	206
T11	206	210
T12	210	214
T11	214	216
T13	216	220
T12	220	222
T13	222	248
T14	248	261
T15	261	275
T16	280	306
T17	306	340
T18	340	352
T19	352	387
T20	387	391
T21	391	395
T20	395	399
T22	399	403
T21	403	407
T20	407	411
T22	411	415
T21	415	419
T20	419	423
T22	423	426
T21	426	430
T23	430	434
T20	434	438
T21	438	442
T23	442	444
T20	444	448
T24	448	452
T21	452	456
T20	456	460
T24	460	464
T21	464	468
T25	468	472
T20	472	476
T26	476	480
T24	480	484
T21	484	488
T25	488	492
T27	492	496
T20	496	499
T26	499	503
T24	503	507
T21	507	511
T25	511	515
T27	515	519
T28	519	523
T26	523	527
T24	527	531
T21	531	535
T25	535	539
T29	539	543
T27	543	547
T28	547	548
T26	548	552
T21	552	554
T25	554	558
T30	558	562
T29	562	566
T27	566	569
T26	569	573
T25	573	577
T30	577	581
T31	581	585
T26	585	589
T25	589	591
T30	591	595
T32	595	599
T31	599	603
T26	603	604
T30	604	608
T33	608	612
T32	612	616
T31	616	620
T34	620	624
T30	624	628
T35	628	632
T33	632	636
T32	636	640
T31	640	644
T34	644	648
T36	648	650
T30	650	654
T35	654	658
T33	658	662
T32	662	666
T37	666	670
T31	670	674
T34	674	678
T30	678	682
T38	682	686
T35	686	690
T33	690	691
T32	691	695
T39	695	699
T37	699	703
T31	703	707
T40	707	711
T34	711	715
T30	715	716
T38	716	720
T41	720	724
T35	724	728
T32	728	732
T39	732	736
T37	736	740
T31	740	744
T42	744	748
T40	748	752
T34	752	754
T38	754	758
T41	758	762
T43	762	766
T35	766	770
T32	770	774
T39	774	778
T44	778	782
T37	782	786
T31	786	790
T42	790	794
T40	794	798
T45	798	802
T38	802	806
T41	806	810
T43	810	814
T35	814	815
T46	815	819
T32	819	823
T39	823	827
T44	827	831
T37	831	835
T47	835	839
T31	839	843
T40	843	847
T45	847	851
T48	851	855
T49	855	859
T38	859	863
T41	863	867
T43	867	871
T50	871	875
T46	875	879
T44	879	883
T37	883	887
T47	887	891
T31	891	894
T40	894	898
T45	898	902
T48	902	906
T49	906	910
T38	910	914
T41	914	918
T43	918	922
T50	922	926
T46	926	930
T44	930	934
T37	934	938
T47	938	942
T40	942	946
T45	946	950
T48	950	954
T49	954	958
T41	958	962
T43	962	966
T50	966	970
T46	970	974
T44	974	978
T37	978	982
T47	982	986
T40	986	990
T45	990	994
T48	994	998
T49	998	1002
T43	1002	1006
T46	1006	1010
T44	1010	1014
T37	1014	1018
T47	1018	1020
T40	1020	1024
T45	1024	1028
T48	1028	1032
T49	1032	1036
T43	1036	1040
T46	1040	1044
T44	1044	1048
T37	1048	1051
T40	1051	1055
T48	1055	1059
T49	1059	1063
T43	1063	1067
T46	1067	1071
T44	1071	1075
T48	1075	1079
T49	1079	1083
T43	1083	1087
T46	1087	1089
T44	1089	1093
T48	1093	1097
T49	1097	1100
T44	1100	1104
T48	1104	1114
Waiting Time T1: 0
Waiting Time T2: 0
Waiting Time T3: 6
Waiting Time T4: 20
Waiting Time T5: 7
Waiting Time T6: 17
Waiting Time T7: 11
Waiting Time T8: 10
Waiting Time T9: 1
Waiting Time T10: 0
Waiting Time T11: 30
Waiting Time T12: 20
Waiting Time T13: 6
Waiting Time T14: 12
Waiting Time T15: 6
Waiting Time T16: 0
Waiting Time T17: 1
Waiting Time T18: 14
Waiting Time T19: 0
Waiting Time T20: 106
Waiting Time T21: 129
Waiting Time T22: 20
Waiting Time T23: 18
Waiting Time T24: 69
Waiting Time T25: 107
Waiting Time T26: 117
Waiting Time T27: 78
Waiting Time T28: 45
Waiting Time T29: 39
Waiting Time T30: 145
Waiting Time T31: 287
Waiting Time T32: 207
Waiting Time T33: 81
Waiting Time T34: 128
Waiting Time T35: 185
Waiting Time T36: 20
Waiting Time T37: 371
Waiting Time T38: 235
Waiting Time T39: 143
Waiting Time T40: 344
Waiting Time T41: 248
Waiting Time T42: 76
Waiting Time T43: 324
Waiting Time T44: 324
Waiting Time T45: 251
Waiting Time T46: 288
Waiting Time T47: 212
Waiting Time T48: 268
Waiting Time T49: 264
Waiting Time T50: 140
Average Waiting Time: 108.60

NSJF:
T1	14	29
T2	38	52
T3	52	86
T4	86	94
T5	94	121
T6	121	138
T7	138	159
T8	159	166
T9	166	167
T10	169	206
T11	206	212
T12	212	218
T13	218	248
T14	248	261
T15	261	275
T16	280	306
T17	306	340
T18	340	352
T19	352	387
T20	387	422
T23	422	428
T22	428	439
T21	439	481
T27	481	496
T24	496	516
T28	516	521
T29	521	529
T26	529	554
T25	554	580
T30	580	609
T33	609	622
T34	622	640
T36	640	642
T35	642	663
T38	663	687
T39	687	703
T41	703	727
T42	727	735
T32	735	767
T45	767	791
T47	791	809
T46	809	839
T50	839	851
T49	851	882
T40	882	918
T43	918	954
T31	954	993
T37	993	1032
T44	1032	1072
T48	1072	1114
Waiting Time T1: 0
Waiting Time T2: 0
Waiting Time T3: 6
Waiting Time T4: 16
Waiting Time T5: 7
Waiting Time T6: 17
Waiting Time T7: 11
Waiting Time T8: 9
Waiting Time T9: 4
Waiting Time T10: 0
Waiting Time T11: 26
Waiting Time T12: 16
Waiting Time T13: 6
Waiting Time T14: 12
Waiting Time T15: 6
Waiting Time T16: 0
Waiting Time T17: 1
Waiting Time T18: 14
Waiting Time T19: 0
Waiting Time T20: 29
Waiting Time T21: 56
Waiting Time T22: 33
Waiting Time T23: 2
Waiting Time T24: 54
Waiting Time T25: 96
Waiting Time T26: 67
Waiting Time T27: 5
Waiting Time T28: 18
Waiting Time T29: 2
Waiting Time T30: 38
Waiting Time T31: 386
Waiting Time T32: 151
Waiting Time T33: 12
Waiting Time T34: 14
Waiting Time T35: 33
Waiting Time T36: 12
Waiting Time T37: 352
Waiting Time T38: 8
Waiting Time T39: 19
Waiting Time T40: 207
Waiting Time T41: 13
Waiting Time T42: 17
Waiting Time T43: 191
Waiting Time T44: 292
Waiting Time T45: 14
Waiting Time T46: 38
Waiting Time T47: 1
Waiting Time T48: 268
Waiting Time T49: 46
Waiting Time T50: 21
Average Waiting Time: 52.92

PSJF:
T1	14	29
T2	38	52
T3	52	70
T4	70	78
T3	78	94
T5	94	121
T6	121	138
T7	138	150
T8	150	157
T7	157	162
T9	162	163
T7	163	167
T10	169	180
T11	180	186
T10	186	196
T12	196	202
T10	202	218
T13	218	248
T14	248	261
T15	261	275
T16	280	306
T17	306	326
T18	326	338
T17	338	352
T19	352	387
T20	387	395
T22	395	406
T20	406	420
T23	420	426
T20	426	439
T21	439	442
T24	442	462
T26	462	487
T27	487	502
T28	502	507
T25	507	519
T29	519	527
T25	527	541
T21	541	542
T30	542	571
T21	571	609
T33	609	622
T34	622	628
T36	628	630
T34	630	642
T35	642	663
T38	663	668
T39	668	684
T38	684	703
T41	703	710
T42	710	718
T41	718	735
T32	735	767
T45	767	791
T47	791	809
T46	809	818
T50	818	830
T46	830	851
T49	851	882
T40	882	918
T43	918	954
T31	954	993
T37	993	1032
T44	1032	1072
T48	1072	1114
Waiting Time T1: 0
Waiting Time T2: 0
Waiting Time T3: 14
Waiting Time T4: 0
Waiting Time T5: 7
Waiting Time T6: 17
Waiting Time T7: 19
Waiting Time T8: 0
Waiting Time T9: 0
Waiting Time T10: 12
Waiting Time T11: 0
Waiting Time T12: 0
Waiting Time T13: 6
Waiting Time T14: 12
Waiting Time T15: 6
Waiting Time T16: 0
Waiting Time T17: 13
Waiting Time T18: 0
Waiting Time T19: 0
Waiting Time T20: 46
Waiting Time T21: 184
Waiting Time T22: 0
Waiting Time T23: 0
Waiting Time T24: 0
Waiting Time T25: 57
Waiting Time T26: 0
Waiting Time T27: 11
Waiting Time T28: 4
Waiting Time T29: 0
Waiting Time T30: 0
Waiting Time T31: 386
Waiting Time T32: 151
Waiting Time T33: 12
Waiting Time T34: 16
Waiting Time T35: 33
Waiting Time T36: 0
Waiting Time T37: 352
Waiting Time T38: 24
Waiting Time T39: 0
Waiting Time T40: 207
Waiting Time T41: 21
Waiting Time T42: 0
Waiting Time T43: 191
Waiting Time T44: 292
Waiting Time T45: 14
Waiting Time T46: 50
Waiting Time T47: 1
Waiting Time T48: 268
Waiting Time T49: 46
Waiting Time T50: 0
Average Waiting Time: 49.44
