FCFS:
T1	1	33
T2	33	51
T3	51	56
T4	56	85
T5	85	103
T6	103	130
T7	130	136
T8	136	164
T9	164	177
T10	177	205
T11	205	227
T12	227	246
T13	246	279
T14	279	304
T15	304	307
T16	307	318
T17	318	321
T18	321	342
T19	342	356
T20	356	384
T21	384	388
T22	388	417
T23	417	453
T24	453	480
T25	480	504
T26	504	514
T27	514	542
T28	542	562
T29	562	568
T30	568	589
T31	589	621
T32	621	630
T33	630	664
T34	664	696
T35	696	712
T36	712	717
T37	717	735
T38	735	736
T39	736	760
T40	760	787
T41	787	803
T42	803	806
T43	806	827
T44	827	862
T45	862	885
T46	885	901
T47	901	927
T48	927	962
T49	962	995
T50	995	1018
Waiting Time T1: 0
Waiting Time T2: 12
Waiting Time T3: 11
Waiting Time T4: 15
Waiting Time T5: 40
Waiting Time T6: 40
Waiting Time T7: 49
Waiting Time T8: 43
Waiting Time T9: 64
Waiting Time T10: 69
Waiting Time T11: 86
Waiting Time T12: 103
Waiting Time T13: 104
Waiting Time T14: 114
Waiting Time T15: 116
Waiting Time T16: 116
Waiting Time T17: 120
Waiting Time T18: 109
Waiting Time T19: 105
Waiting Time T20: 94
Waiting Time T21: 117
Waiting Time T22: 102
Waiting Time T23: 120
Waiting Time T24: 154
Waiting Time T25: 167
Waiting Time T26: 179
Waiting Time T27: 170
Waiting Time T28: 186
Waiting Time T29: 200
Waiting Time T30: 193
Waiting Time T31: 211
Waiting Time T32: 224
Waiting Time T33: 217
Waiting Time T34: 230
Waiting Time T35: 246
Waiting Time T36: 247
Waiting Time T37: 228
Waiting Time T38: 228
Waiting Time T39: 211
Waiting Time T40: 213
Waiting Time T41: 230
Waiting Time T42: 231
Waiting Time T43: 230
Waiting Time T44: 239
Waiting Time T45: 262
Waiting Time T46: 272
Waiting Time T47: 263
Waiting Time T48: 281
Waiting Time T49: 311
Waiting Time T50: 334
Average Waiting Time: 158.12

RR:
T1	1	33
T2	33	51
T3	51	55
T4	55	59
T5	59	63
T3	63	64
T4	64	68
T6	68	72
T5	72	76
T4	76	80
T6	80	84
T5	84	88
T4	88	92
T7	92	96
T6	96	100
T5	100	104
T4	104	108
T8	108	112
T7	112	114
T9	114	118
T6	118	122
T5	122	124
T10	124	128
T4	128	132
T8	132	136
T9	136	140
T11	140	144
T6	144	148
T12	148	152
T10	152	156
T4	156	160
T8	160	164
T9	164	168
T13	168	172
T11	172	176
T6	176	180
T12	180	184
T10	184	188
T4	188	189
T8	189	193
T14	193	197
T9	197	198
T13	198	202
T11	202	206
T6	206	209
T12	209	213
T15	213	216
T10	216	220
T16	220	224
T8	224	228
T14	228	232
T17	232	235
T13	235	239
T11	239	243
T18	243	247
T12	247	251
T10	251	255
T16	255	259
T8	259	263
T14	263	267
T19	267	271
T13	271	275
T11	275	279
T18	279	283
T12	283	286
T10	286	290
T16	290	293
T20	293	297
T8	297	301
T21	301	305
T14	305	309
T19	309	313
T13	313	317
T11	317	319
T18	319	323
T22	323	327
T10	327	331
T23	331	335
T20	335	339
T24	339	343
T14	343	347
T25	347	351
T19	351	355
T13	355	359
T18	359	363
T26	363	367
T22	367	371
T23	371	375
T20	375	379
T24	379	383
T27	383	387
T14	387	391
T25	391	395
T19	395	397
T28	397	401
T13	401	405
T29	405	409
T18	409	413
T26	413	417
T22	417	421
T30	421	425
T23	425	429
T31	429	433
T20	433	437
T24	437	441
T27	441	445
T14	445	446
T25	446	450
T32	450	454
T28	454	458
T13	458	462
T29	462	464
T33	464	468
T18	468	469
T26	469	471
T22	471	475
T30	475	479
T23	479	483
T31	483	487
T34	487	491
T20	491	495
T24	495	499
T27	499	503
T35	503	507
T25	507	511
T32	511	515
T28	515	519
T13	519	520
T36	520	524
T33	524	528
T22	528	532
T30	532	536
T23	536	540
T31	540	544
T37	544	548
T34	548	552
T20	552	556
T24	556	560
T27	560	564
T38	564	565
T35	565	569
T25	569	573
T32	573	574
T28	574	578
T36	578	579
T39	579	583
T33	583	587
T22	587	591
T30	591	595
T23	595	599
T31	599	603
T40	603	607
T37	607	611
T34	611	615
T20	615	619
T41	619	623
T24	623	627
T27	627	631
T35	631	635
T42	635	638
T25	638	642
T43	642	646
T28	646	650
T39	650	654
T33	654	658
T44	658	662
T22	662	666
T30	666	670
T23	670	674
T45	674	678
T31	678	682
T40	682	686
T37	686	690
T46	690	694
T34	694	698
T41	698	702
T24	702	705
T27	705	709
T35	709	713
T47	713	717
T48	717	721
T43	721	725
T49	725	729
T39	729	733
T33	733	737
T50	737	741
T44	741	745
T22	745	746
T30	746	747
T23	747	751
T45	751	755
T31	755	759
T40	759	763
T37	763	767
T46	767	771
T34	771	775
T41	775	779
T27	779	783
T47	783	787
T48	787	791
T43	791	795
T49	795	799
T39	799	803
T33	803	807
T50	807	811
T44	811	815
T23	815	819
T45	819	823
T31	823	827
T40	827	831
T37	831	833
T46	833	837
T34	837	841
T41	841	845
T47	845	849
T48	849	853
T43	853	857
T49	857	861
T39	861	865
T33	865	869
T50	869	873
T44	873	877
T45	877	881
T31	881	885
T40	885	889
T46	889	893
T34	893	897
T47	897	901
T48	901	905
T43	905	909
T49	909	913
T39	913	917
T33	917	921
T50	921	925
T44	925	929
T45	929	933
T40	933	937
T34	937	941
T47	941	945
T48	945	949
T43	949	950
T49	950	954
T33	954	956
T50	956	960
T44	960	964
T45	964	967
T40	967	970
T47	970	974
T48	974	978
T49	978	982
T50	982	985
T44	985	989
T47	989	991
T48	991	995
T49	995	999
T44	999	1003
T48	1003	1007
T49	1007	1011
T44	1011	1014
T48	1014	1017
T49	1017	1018
Waiting Time T1: 0
Waiting Time T2: 12
Waiting Time T3: 19
Waiting Time T4: 119
Waiting Time T5: 61
Waiting Time T6: 119
Waiting Time T7: 27
Waiting Time T8: 180
Waiting Time T9: 85
Waiting Time T10: 195
Waiting Time T11: 178
Waiting Time T12: 143
Waiting Time T13: 345
Waiting Time T14: 256
Waiting Time T15: 25
Waiting Time T16: 91
Waiting Time T17: 34
Waiting Time T18: 236
Waiting Time T19: 146
Waiting Time T20: 329
Waiting Time T21: 34
Waiting Time T22: 431
Waiting Time T23: 486
Waiting Time T24: 379
Waiting Time T25: 305
Waiting Time T26: 136
Waiting Time T27: 411
Waiting Time T28: 274
Waiting Time T29: 96
Waiting Time T30: 351
Waiting Time T31: 475
Waiting Time T32: 168
Waiting Time T33: 509
Waiting Time T34: 475
Waiting Time T35: 247
Waiting Time T36: 109
Waiting Time T37: 326
Waiting Time T38: 57
Waiting Time T39: 368
Waiting Time T40: 396
Waiting Time T41: 272
Waiting Time T42: 63
Waiting Time T43: 353
Waiting Time T44: 391
Waiting Time T45: 344
Waiting Time T46: 264
Waiting Time T47: 327
Waiting Time T48: 336
Waiting Time T49: 334
Waiting Time T50: 301
Average Waiting Time: 232.36

NSJF:
T1	1	33
T2	33	51
T3	51	56
T5	56	74
T6	74	101
T7	101	107
T9	107	120
T11	120	142
T12	142	161
T8	161	189
T15	189	192
T16	192	203
T17	203	206
T14	206	231
T18	231	252
T19	252	266
T10	266	294
T21	294	298
T20	298	326
T26	326	336
T25	336	360
T28	360	380
T29	380	386
T30	386	407
T32	407	416
T24	416	443
T27	443	471
T36	471	476
T35	476	492
T37	492	510
T38	510	511
T4	511	540
T39	540	564
T41	564	580
T42	580	583
T43	583	604
T45	604	627
T46	627	643
T47	643	669
T50	669	692
T40	692	719
T22	719	748
T31	748	780
T34	780	812
T13	812	845
T49	845	878
T33	878	912
T44	912	947
T48	947	982
T23	982	1018
Waiting Time T1: 0
Waiting Time T2: 12
Waiting Time T3: 11
Waiting Time T4: 470
Waiting Time T5: 11
Waiting Time T6: 11
Waiting Time T7: 20
Waiting Time T8: 68
Waiting Time T9: 7
Waiting Time T10: 158
Waiting Time T11: 1
Waiting Time T12: 18
Waiting Time T13: 670
Waiting Time T14: 41
Waiting Time T15: 1
Waiting Time T16: 1
Waiting Time T17: 5
Waiting Time T18: 19
Waiting Time T19: 15
Waiting Time T20: 36
Waiting Time T21: 27
Waiting Time T22: 433
Waiting Time T23: 685
Waiting Time T24: 117
Waiting Time T25: 23
Waiting Time T26: 1
Waiting Time T27: 99
Waiting Time T28: 4
Waiting Time T29: 18
Waiting Time T30: 11
Waiting Time T31: 370
Waiting Time T32: 10
Waiting Time T33: 465
Waiting Time T34: 346
Waiting Time T35: 26
Waiting Time T36: 6
Waiting Time T37: 3
Waiting Time T38: 3
Waiting Time T39: 15
Waiting Time T40: 145
Waiting Time T41: 7
Waiting Time T42: 8
Waiting Time T43: 7
Waiting Time T44: 324
Waiting Time T45: 4
Waiting Time T46: 14
Waiting Time T47: 5
Waiting Time T48: 301
Waiting Time T49: 194
Waiting Time T50: 8
Average Waiting Time: 105.08

PSJF:
T1	1	33
T2	33	40
T3	40	45
T2	45	56
T5	56	74
T6	74	81
T7	81	87
T6	87	107
T9	107	120
T11	120	142
T12	142	161
T8	161	189
T15	189	192
T16	192	198
T17	198	201
T16	201	206
T14	206	231
T18	231	237
T19	237	251
T18	251	266
T10	266	267
T21	267	271
T10	271	298
T20	298	326
T26	326	336
T25	336	360
T28	360	362
T29	362	368
T28	368	386
T30	386	397
T32	397	406
T30	406	416
T24	416	443
T27	443	450
T35	450	466
T36	466	471
T27	471	492
T37	492	507
T38	507	508
T37	508	511
T4	511	540
T39	540	564
T41	564	572
T42	572	575
T41	575	583
T43	583	604
T45	604	627
T46	627	643
T47	643	669
T50	669	692
T40	692	719
T22	719	748
T31	748	780
T34	780	812
T13	812	845
T49	845	878
T33	878	912
T44	912	947
T48	947	982
T23	982	1018
Waiting Time T1: 0
Waiting Time T2: 17
Waiting Time T3: 0
Waiting Time T4: 470
Waiting Time T5: 11
Waiting Time T6: 17
Waiting Time T7: 0
Waiting Time T8: 68
Waiting Time T9: 7
Waiting Time T10: 162
Waiting Time T11: 1
Waiting Time T12: 18
Waiting Time T13: 670
Waiting Time T14: 41
Waiting Time T15: 1
Waiting Time T16: 4
Waiting Time T17: 0
Waiting Time T18: 33
Waiting Time T19: 0
Waiting Time T20: 36
Waiting Time T21: 0
Waiting Time T22: 433
Waiting Time T23: 685
Waiting Time T24: 117
Waiting Time T25: 23
Waiting Time T26: 1
Waiting Time T27: 120
Waiting Time T28: 10
Waiting Time T29: 0
Waiting Time T30: 20
Waiting Time T31: 370
Waiting Time T32: 0
Waiting Time T33: 465
Waiting Time T34: 346
Waiting Time T35: 0
Waiting Time T36: 1
Waiting Time T37: 4
Waiting Time T38: 0
Waiting Time T39: 15
Waiting Time T40: 145
Waiting Time T41: 10
Waiting Time T42: 0
Waiting Time T43: 7
Waiting Time T44: 324
Waiting Time T45: 4
Waiting Time T46: 14
Waiting Time T47: 5
Waiting Time T48: 301
Waiting Time T49: 194
Waiting Time T50: 8
Average Waiting Time: 103.56
